#2026 08 18 11:46:10.431#Z#DEBUG#3e4f6cdc-9afa-11f1-818d-eeee0a9896c2.bookscapm-db-deployer#flowable-async-job-executor-thread-12022#
[PollStageAppStatusExecution] eed2b67a-83f4-424b-8876-9856be729ff6 [2026-08-18T11:45:23.828255] Added process: "web" (STDOUT, API)#
#2026 08 18 11:46:10.431#Z#DEBUG#3e4f6cdc-9afa-11f1-818d-eeee0a9896c2.bookscapm-db-deployer#flowable-async-job-executor-thread-12022#
[PollStageAppStatusExecution] eed2b67a-83f4-424b-8876-9856be729ff6 [2026-08-18T11:45:23.837285] Created app with guid eed2b67a-83f4-424b-8876-9856be729ff6 (STDOUT, API)#
#2026 08 18 11:46:10.431#Z#DEBUG#3e4f6cdc-9afa-11f1-818d-eeee0a9896c2.bookscapm-db-deployer#flowable-async-job-executor-thread-12022#
[PollStageAppStatusExecution] eed2b67a-83f4-424b-8876-9856be729ff6 [2026-08-18T11:45:23.943088] Updating process: "web" (STDOUT, API)#
#2026 08 18 11:46:10.431#Z#DEBUG#3e4f6cdc-9afa-11f1-818d-eeee0a9896c2.bookscapm-db-deployer#flowable-async-job-executor-thread-12022#
[PollStageAppStatusExecution] eed2b67a-83f4-424b-8876-9856be729ff6 [2026-08-18T11:45:24.005933] Scaling process: "web" (STDOUT, API)#
#2026 08 18 11:46:10.431#Z#DEBUG#3e4f6cdc-9afa-11f1-818d-eeee0a9896c2.bookscapm-db-deployer#flowable-async-job-executor-thread-12022#
[PollStageAppStatusExecution] eed2b67a-83f4-424b-8876-9856be729ff6 [2026-08-18T11:45:49.866025] Uploading app package for app with guid eed2b67a-83f4-424b-8876-9856be729ff6 (STDOUT, API)#
#2026 08 18 11:46:10.431#Z#DEBUG#3e4f6cdc-9afa-11f1-818d-eeee0a9896c2.bookscapm-db-deployer#flowable-async-job-executor-thread-12022#
[PollStageAppStatusExecution] eed2b67a-83f4-424b-8876-9856be729ff6 [2026-08-18T11:45:50.059378] Updated app with guid eed2b67a-83f4-424b-8876-9856be729ff6 ({"environment_variables"=>"[PRIVATE DATA HIDDEN]"}) (STDOUT, API)#
#2026 08 18 11:46:10.431#Z#DEBUG#3e4f6cdc-9afa-11f1-818d-eeee0a9896c2.bookscapm-db-deployer#flowable-async-job-executor-thread-12022#
[PollStageAppStatusExecution] eed2b67a-83f4-424b-8876-9856be729ff6 [2026-08-18T11:46:00.432893] Creating build for app with guid eed2b67a-83f4-424b-8876-9856be729ff6 (STDOUT, API)#
#2026 08 18 11:46:10.431#Z#DEBUG#3e4f6cdc-9afa-11f1-818d-eeee0a9896c2.bookscapm-db-deployer#flowable-async-job-executor-thread-12022#
[PollStageAppStatusExecution] eed2b67a-83f4-424b-8876-9856be729ff6 [2026-08-18T11:46:00.822063] Downloading nodejs_buildpack... (STDOUT, STG)#
#2026 08 18 11:46:10.431#Z#DEBUG#3e4f6cdc-9afa-11f1-818d-eeee0a9896c2.bookscapm-db-deployer#flowable-async-job-executor-thread-12022#
[PollStageAppStatusExecution] eed2b67a-83f4-424b-8876-9856be729ff6 [2026-08-18T11:46:00.870838] Downloaded nodejs_buildpack (STDOUT, STG)#
#2026 08 18 11:46:10.431#Z#DEBUG#3e4f6cdc-9afa-11f1-818d-eeee0a9896c2.bookscapm-db-deployer#flowable-async-job-executor-thread-12022#
[PollStageAppStatusExecution] eed2b67a-83f4-424b-8876-9856be729ff6 [2026-08-18T11:46:00.870945] Cell 684caff8-89cd-492b-be01-b3d0835f1763 creating container for instance 365f88eb-da84-489f-ae1b-6b1911a38998 (STDOUT, STG)#
#2026 08 18 11:46:10.431#Z#DEBUG#3e4f6cdc-9afa-11f1-818d-eeee0a9896c2.bookscapm-db-deployer#flowable-async-job-executor-thread-12022#
[PollStageAppStatusExecution] eed2b67a-83f4-424b-8876-9856be729ff6 [2026-08-18T11:46:01.527646] Security group rules were updated (STDOUT, STG)#
#2026 08 18 11:46:10.431#Z#DEBUG#3e4f6cdc-9afa-11f1-818d-eeee0a9896c2.bookscapm-db-deployer#flowable-async-job-executor-thread-12022#
[PollStageAppStatusExecution] eed2b67a-83f4-424b-8876-9856be729ff6 [2026-08-18T11:46:01.619771] Cell 684caff8-89cd-492b-be01-b3d0835f1763 successfully created container for instance 365f88eb-da84-489f-ae1b-6b1911a38998 (STDOUT, STG)#
#2026 08 18 11:46:10.431#Z#DEBUG#3e4f6cdc-9afa-11f1-818d-eeee0a9896c2.bookscapm-db-deployer#flowable-async-job-executor-thread-12022#
[PollStageAppStatusExecution] eed2b67a-83f4-424b-8876-9856be729ff6 [2026-08-18T11:46:02.199247] Downloading app package... (STDOUT, STG)#
#2026 08 18 11:46:10.431#Z#DEBUG#3e4f6cdc-9afa-11f1-818d-eeee0a9896c2.bookscapm-db-deployer#flowable-async-job-executor-thread-12022#
[PollStageAppStatusExecution] eed2b67a-83f4-424b-8876-9856be729ff6 [2026-08-18T11:46:02.492080] Downloaded app package (2.3M) (STDOUT, STG)#
#2026 08 18 11:46:10.431#Z#DEBUG#3e4f6cdc-9afa-11f1-818d-eeee0a9896c2.bookscapm-db-deployer#flowable-async-job-executor-thread-12022#
[PollStageAppStatusExecution] eed2b67a-83f4-424b-8876-9856be729ff6 [2026-08-18T11:46:02.594895] -----> Nodejs Buildpack version 1.9.2 (STDOUT, STG)#
#2026 08 18 11:46:10.431#Z#DEBUG#3e4f6cdc-9afa-11f1-818d-eeee0a9896c2.bookscapm-db-deployer#flowable-async-job-executor-thread-12022#
[PollStageAppStatusExecution] eed2b67a-83f4-424b-8876-9856be729ff6 [2026-08-18T11:46:02.704088] -----> Bootstrapping python (STDOUT, STG)#
#2026 08 18 11:46:10.431#Z#DEBUG#3e4f6cdc-9afa-11f1-818d-eeee0a9896c2.bookscapm-db-deployer#flowable-async-job-executor-thread-12022#
[PollStageAppStatusExecution] eed2b67a-83f4-424b-8876-9856be729ff6 [2026-08-18T11:46:02.704118] -----> Installing python 3.13.13 (STDOUT, STG)#
#2026 08 18 11:46:10.431#Z#DEBUG#3e4f6cdc-9afa-11f1-818d-eeee0a9896c2.bookscapm-db-deployer#flowable-async-job-executor-thread-12022#
[PollStageAppStatusExecution] eed2b67a-83f4-424b-8876-9856be729ff6 [2026-08-18T11:46:02.704146] Copy [/tmp/buildpacks/17bd89c67d092631/dependencies/268a5e3743d51a14b86ea9da64439307/python_3.13.13_linux_x64_cflinuxfs4_8311abbf.tgz] (STDOUT, STG)#
#2026 08 18 11:46:10.431#Z#DEBUG#3e4f6cdc-9afa-11f1-818d-eeee0a9896c2.bookscapm-db-deployer#flowable-async-job-executor-thread-12022#
[PollStageAppStatusExecution] eed2b67a-83f4-424b-8876-9856be729ff6 [2026-08-18T11:46:06.869773] -----> Installing binaries (STDOUT, STG)#
#2026 08 18 11:46:10.431#Z#DEBUG#3e4f6cdc-9afa-11f1-818d-eeee0a9896c2.bookscapm-db-deployer#flowable-async-job-executor-thread-12022#
[PollStageAppStatusExecution] eed2b67a-83f4-424b-8876-9856be729ff6 [2026-08-18T11:46:06.870445] engines.node (package.json): >=18 (STDOUT, STG)#
#2026 08 18 11:46:10.431#Z#DEBUG#3e4f6cdc-9afa-11f1-818d-eeee0a9896c2.bookscapm-db-deployer#flowable-async-job-executor-thread-12022#
[PollStageAppStatusExecution] eed2b67a-83f4-424b-8876-9856be729ff6 [2026-08-18T11:46:06.870468] engines.npm (package.json): unspecified (use default) (STDOUT, STG)#
#2026 08 18 11:46:10.431#Z#DEBUG#3e4f6cdc-9afa-11f1-818d-eeee0a9896c2.bookscapm-db-deployer#flowable-async-job-executor-thread-12022#
[PollStageAppStatusExecution] eed2b67a-83f4-424b-8876-9856be729ff6 [2026-08-18T11:46:06.870484] [31;1m**WARNING**[0m Dangerous semver range (>) in engines.node. See: http://docs.cloudfoundry.org/buildpacks/node/node-tips.html (STDOUT, STG)#
#2026 08 18 11:46:10.431#Z#DEBUG#3e4f6cdc-9afa-11f1-818d-eeee0a9896c2.bookscapm-db-deployer#flowable-async-job-executor-thread-12022#
[PollStageAppStatusExecution] eed2b67a-83f4-424b-8876-9856be729ff6 [2026-08-18T11:46:06.870806] -----> Installing node 24.15.0 (STDOUT, STG)#
#2026 08 18 11:46:10.431#Z#DEBUG#3e4f6cdc-9afa-11f1-818d-eeee0a9896c2.bookscapm-db-deployer#flowable-async-job-executor-thread-12022#
[PollStageAppStatusExecution] eed2b67a-83f4-424b-8876-9856be729ff6 [2026-08-18T11:46:06.871001] Copy [/tmp/buildpacks/17bd89c67d092631/dependencies/6441e97e6386f47ec4c16cfdf8db0a17/node_24.15.0_linux_x64_cflinuxfs4_1a62d98b.tgz] (STDOUT, STG)#
#2026 08 18 11:46:10.431#Z#DEBUG#3e4f6cdc-9afa-11f1-818d-eeee0a9896c2.bookscapm-db-deployer#flowable-async-job-executor-thread-12022#
[PollStageAppStatusExecution] eed2b67a-83f4-424b-8876-9856be729ff6 [2026-08-18T11:46:09.411285] Using default npm version: 11.12.1 (STDOUT, STG)#
#2026 08 18 11:46:10.431#Z#DEBUG#3e4f6cdc-9afa-11f1-818d-eeee0a9896c2.bookscapm-db-deployer#flowable-async-job-executor-thread-12022#
[PollStageAppStatusExecution] eed2b67a-83f4-424b-8876-9856be729ff6 [2026-08-18T11:46:09.411318] -----> Installing yarn 1.22.22 (STDOUT, STG)#
#2026 08 18 11:46:10.431#Z#DEBUG#3e4f6cdc-9afa-11f1-818d-eeee0a9896c2.bookscapm-db-deployer#flowable-async-job-executor-thread-12022#
[PollStageAppStatusExecution] eed2b67a-83f4-424b-8876-9856be729ff6 [2026-08-18T11:46:09.411435] Copy [/tmp/buildpacks/17bd89c67d092631/dependencies/e4fe26756e9984a665478d350474fa2e/yarn_1.22.22_linux_noarch_any-stack_b6132b86.tgz] (STDOUT, STG)#
#2026 08 18 11:46:10.431#Z#DEBUG#3e4f6cdc-9afa-11f1-818d-eeee0a9896c2.bookscapm-db-deployer#flowable-async-job-executor-thread-12022#
[PollStageAppStatusExecution] eed2b67a-83f4-424b-8876-9856be729ff6 [2026-08-18T11:46:09.800439] Installed yarn 1.22.22 (STDOUT, STG)#
#2026 08 18 11:46:10.431#Z#DEBUG#3e4f6cdc-9afa-11f1-818d-eeee0a9896c2.bookscapm-db-deployer#flowable-async-job-executor-thread-12022#
[PollStageAppStatusExecution] eed2b67a-83f4-424b-8876-9856be729ff6 [2026-08-18T11:46:09.800591] -----> Creating runtime environment (STDOUT, STG)#
#2026 08 18 11:46:10.431#Z#DEBUG#3e4f6cdc-9afa-11f1-818d-eeee0a9896c2.bookscapm-db-deployer#flowable-async-job-executor-thread-12022#
[PollStageAppStatusExecution] eed2b67a-83f4-424b-8876-9856be729ff6 [2026-08-18T11:46:09.802605] NODE_ENV=production (STDOUT, STG)#
#2026 08 18 11:46:10.431#Z#DEBUG#3e4f6cdc-9afa-11f1-818d-eeee0a9896c2.bookscapm-db-deployer#flowable-async-job-executor-thread-12022#
[PollStageAppStatusExecution] eed2b67a-83f4-424b-8876-9856be729ff6 [2026-08-18T11:46:09.802643] NODE_HOME=/tmp/contents2461303658/deps/0/node (STDOUT, STG)#
#2026 08 18 11:46:10.431#Z#DEBUG#3e4f6cdc-9afa-11f1-818d-eeee0a9896c2.bookscapm-db-deployer#flowable-async-job-executor-thread-12022#
[PollStageAppStatusExecution] eed2b67a-83f4-424b-8876-9856be729ff6 [2026-08-18T11:46:09.802652] NODE_MODULES_CACHE=true (STDOUT, STG)#
#2026 08 18 11:46:10.431#Z#DEBUG#3e4f6cdc-9afa-11f1-818d-eeee0a9896c2.bookscapm-db-deployer#flowable-async-job-executor-thread-12022#
[PollStageAppStatusExecution] eed2b67a-83f4-424b-8876-9856be729ff6 [2026-08-18T11:46:09.802655] NODE_VERBOSE=false (STDOUT, STG)#
#2026 08 18 11:46:10.431#Z#DEBUG#3e4f6cdc-9afa-11f1-818d-eeee0a9896c2.bookscapm-db-deployer#flowable-async-job-executor-thread-12022#
[PollStageAppStatusExecution] eed2b67a-83f4-424b-8876-9856be729ff6 [2026-08-18T11:46:09.802658] NPM_CONFIG_LOGLEVEL=error (STDOUT, STG)#
#2026 08 18 11:46:10.431#Z#DEBUG#3e4f6cdc-9afa-11f1-818d-eeee0a9896c2.bookscapm-db-deployer#flowable-async-job-executor-thread-12022#
[PollStageAppStatusExecution] eed2b67a-83f4-424b-8876-9856be729ff6 [2026-08-18T11:46:09.802662] NPM_CONFIG_PRODUCTION=true (STDOUT, STG)#
#2026 08 18 11:46:10.431#Z#DEBUG#3e4f6cdc-9afa-11f1-818d-eeee0a9896c2.bookscapm-db-deployer#flowable-async-job-executor-thread-12022#
[PollStageAppStatusExecution] eed2b67a-83f4-424b-8876-9856be729ff6 [2026-08-18T11:46:09.802757] -----> Building dependencies (STDOUT, STG)#
#2026 08 18 11:46:10.431#Z#DEBUG#3e4f6cdc-9afa-11f1-818d-eeee0a9896c2.bookscapm-db-deployer#flowable-async-job-executor-thread-12022#
[PollStageAppStatusExecution] eed2b67a-83f4-424b-8876-9856be729ff6 [2026-08-18T11:46:09.802774] Prebuild detected (node_modules already exists) (STDOUT, STG)#
#2026 08 18 11:46:10.431#Z#DEBUG#3e4f6cdc-9afa-11f1-818d-eeee0a9896c2.bookscapm-db-deployer#flowable-async-job-executor-thread-12022#
[PollStageAppStatusExecution] eed2b67a-83f4-424b-8876-9856be729ff6 [2026-08-18T11:46:09.802777] Rebuilding any native modules (STDOUT, STG)#
#2026 08 18 11:46:20.545#Z#DEBUG#3e4f6cdc-9afa-11f1-818d-eeee0a9896c2.bookscapm-db-deployer#flowable-async-job-executor-thread-12028#
[PollStageAppStatusExecution] eed2b67a-83f4-424b-8876-9856be729ff6 [2026-08-18T11:46:10.406501] rebuilt dependencies successfully (STDOUT, STG)#
#2026 08 18 11:46:20.545#Z#DEBUG#3e4f6cdc-9afa-11f1-818d-eeee0a9896c2.bookscapm-db-deployer#flowable-async-job-executor-thread-12028#
[PollStageAppStatusExecution] eed2b67a-83f4-424b-8876-9856be729ff6 [2026-08-18T11:46:10.479574] Installing any new modules (package.json + package-lock.json) (STDOUT, STG)#
#2026 08 18 11:46:20.545#Z#DEBUG#3e4f6cdc-9afa-11f1-818d-eeee0a9896c2.bookscapm-db-deployer#flowable-async-job-executor-thread-12028#
[PollStageAppStatusExecution] eed2b67a-83f4-424b-8876-9856be729ff6 [2026-08-18T11:46:10.980440] up to date in 411ms (STDOUT, STG)#
#2026 08 18 11:46:20.545#Z#DEBUG#3e4f6cdc-9afa-11f1-818d-eeee0a9896c2.bookscapm-db-deployer#flowable-async-job-executor-thread-12028#
[PollStageAppStatusExecution] eed2b67a-83f4-424b-8876-9856be729ff6 [2026-08-18T11:46:10.980814] 4 packages are looking for funding (STDOUT, STG)#
#2026 08 18 11:46:20.545#Z#DEBUG#3e4f6cdc-9afa-11f1-818d-eeee0a9896c2.bookscapm-db-deployer#flowable-async-job-executor-thread-12028#
[PollStageAppStatusExecution] eed2b67a-83f4-424b-8876-9856be729ff6 [2026-08-18T11:46:10.980836] run `npm fund` for details (STDOUT, STG)#
#2026 08 18 11:46:20.545#Z#DEBUG#3e4f6cdc-9afa-11f1-818d-eeee0a9896c2.bookscapm-db-deployer#flowable-async-job-executor-thread-12028#
[PollStageAppStatusExecution] eed2b67a-83f4-424b-8876-9856be729ff6 [2026-08-18T11:46:11.941345] Contrast Security no credentials found. Will not write environment files. (STDOUT, STG)#
#2026 08 18 11:46:30.663#Z#DEBUG#3e4f6cdc-9afa-11f1-818d-eeee0a9896c2.bookscapm-db-deployer#flowable-async-job-executor-thread-13456#
[PollStageAppStatusExecution] eed2b67a-83f4-424b-8876-9856be729ff6 [2026-08-18T11:46:21.037279] Exit status 0 (STDOUT, STG)#
#2026 08 18 11:46:30.663#Z#DEBUG#3e4f6cdc-9afa-11f1-818d-eeee0a9896c2.bookscapm-db-deployer#flowable-async-job-executor-thread-13456#
[PollStageAppStatusExecution] eed2b67a-83f4-424b-8876-9856be729ff6 [2026-08-18T11:46:21.037333] Uploading droplet, build artifacts cache... (STDOUT, STG)#
#2026 08 18 11:46:30.663#Z#DEBUG#3e4f6cdc-9afa-11f1-818d-eeee0a9896c2.bookscapm-db-deployer#flowable-async-job-executor-thread-13456#
[PollStageAppStatusExecution] eed2b67a-83f4-424b-8876-9856be729ff6 [2026-08-18T11:46:21.037374] Uploading droplet... (STDOUT, STG)#
#2026 08 18 11:46:30.663#Z#DEBUG#3e4f6cdc-9afa-11f1-818d-eeee0a9896c2.bookscapm-db-deployer#flowable-async-job-executor-thread-13456#
[PollStageAppStatusExecution] eed2b67a-83f4-424b-8876-9856be729ff6 [2026-08-18T11:46:21.037384] Uploading build artifacts cache... (STDOUT, STG)#
#2026 08 18 11:46:30.663#Z#DEBUG#3e4f6cdc-9afa-11f1-818d-eeee0a9896c2.bookscapm-db-deployer#flowable-async-job-executor-thread-13456#
[PollStageAppStatusExecution] eed2b67a-83f4-424b-8876-9856be729ff6 [2026-08-18T11:46:21.055147] Uploaded build artifacts cache (219B) (STDOUT, STG)#
#2026 08 18 11:46:30.663#Z#DEBUG#3e4f6cdc-9afa-11f1-818d-eeee0a9896c2.bookscapm-db-deployer#flowable-async-job-executor-thread-13456#
[PollStageAppStatusExecution] eed2b67a-83f4-424b-8876-9856be729ff6 [2026-08-18T11:46:21.731007] Creating droplet for app with guid eed2b67a-83f4-424b-8876-9856be729ff6 (STDOUT, API)#
#2026 08 18 11:46:30.663#Z#DEBUG#3e4f6cdc-9afa-11f1-818d-eeee0a9896c2.bookscapm-db-deployer#flowable-async-job-executor-thread-13456#
[PollStageAppStatusExecution] eed2b67a-83f4-424b-8876-9856be729ff6 [2026-08-18T11:46:24.798800] Uploaded droplet (58.6M) (STDOUT, STG)#
#2026 08 18 11:46:30.663#Z#DEBUG#3e4f6cdc-9afa-11f1-818d-eeee0a9896c2.bookscapm-db-deployer#flowable-async-job-executor-thread-13456#
[PollStageAppStatusExecution] eed2b67a-83f4-424b-8876-9856be729ff6 [2026-08-18T11:46:24.819502] Uploading complete (STDOUT, STG)#
#2026 08 18 11:46:30.663#Z#DEBUG#3e4f6cdc-9afa-11f1-818d-eeee0a9896c2.bookscapm-db-deployer#flowable-async-job-executor-thread-13456#
[PollStageAppStatusExecution] eed2b67a-83f4-424b-8876-9856be729ff6 [2026-08-18T11:46:25.396700] Cell 684caff8-89cd-492b-be01-b3d0835f1763 stopping instance 365f88eb-da84-489f-ae1b-6b1911a38998 (STDOUT, STG)#
#2026 08 18 11:46:30.663#Z#DEBUG#3e4f6cdc-9afa-11f1-818d-eeee0a9896c2.bookscapm-db-deployer#flowable-async-job-executor-thread-13456#
[PollStageAppStatusExecution] eed2b67a-83f4-424b-8876-9856be729ff6 [2026-08-18T11:46:25.396737] Cell 684caff8-89cd-492b-be01-b3d0835f1763 destroying container for instance 365f88eb-da84-489f-ae1b-6b1911a38998 (STDOUT, STG)#
#2026 08 18 11:46:30.663#Z#DEBUG#3e4f6cdc-9afa-11f1-818d-eeee0a9896c2.bookscapm-db-deployer#flowable-async-job-executor-thread-13456#
[PollStageAppStatusExecution] eed2b67a-83f4-424b-8876-9856be729ff6 [2026-08-18T11:46:25.457288] Staging complete for build 365f88eb-da84-489f-ae1b-6b1911a38998 (STDOUT, API)#
#2026 08 18 11:46:30.663#Z#DEBUG#3e4f6cdc-9afa-11f1-818d-eeee0a9896c2.bookscapm-db-deployer#flowable-async-job-executor-thread-13456#
[PollStageAppStatusExecution] eed2b67a-83f4-424b-8876-9856be729ff6 [2026-08-18T11:46:28.390107] Cell 684caff8-89cd-492b-be01-b3d0835f1763 successfully destroyed container for instance 365f88eb-da84-489f-ae1b-6b1911a38998 (STDOUT, STG)#
#2026 08 18 11:46:41.153#Z#DEBUG#3e4f6cdc-9afa-11f1-818d-eeee0a9896c2.bookscapm-db-deployer#flowable-async-job-executor-thread-12042#
[PollExecuteTaskStatusExecution] eed2b67a-83f4-424b-8876-9856be729ff6 [2026-08-18T11:45:23.828255] Added process: "web" (STDOUT, API)#
#2026 08 18 11:46:41.153#Z#DEBUG#3e4f6cdc-9afa-11f1-818d-eeee0a9896c2.bookscapm-db-deployer#flowable-async-job-executor-thread-12042#
[PollExecuteTaskStatusExecution] eed2b67a-83f4-424b-8876-9856be729ff6 [2026-08-18T11:45:23.837285] Created app with guid eed2b67a-83f4-424b-8876-9856be729ff6 (STDOUT, API)#
#2026 08 18 11:46:41.154#Z#DEBUG#3e4f6cdc-9afa-11f1-818d-eeee0a9896c2.bookscapm-db-deployer#flowable-async-job-executor-thread-12042#
[PollExecuteTaskStatusExecution] eed2b67a-83f4-424b-8876-9856be729ff6 [2026-08-18T11:45:23.943088] Updating process: "web" (STDOUT, API)#
#2026 08 18 11:46:41.154#Z#DEBUG#3e4f6cdc-9afa-11f1-818d-eeee0a9896c2.bookscapm-db-deployer#flowable-async-job-executor-thread-12042#
[PollExecuteTaskStatusExecution] eed2b67a-83f4-424b-8876-9856be729ff6 [2026-08-18T11:45:24.005933] Scaling process: "web" (STDOUT, API)#
#2026 08 18 11:46:41.154#Z#DEBUG#3e4f6cdc-9afa-11f1-818d-eeee0a9896c2.bookscapm-db-deployer#flowable-async-job-executor-thread-12042#
[PollExecuteTaskStatusExecution] eed2b67a-83f4-424b-8876-9856be729ff6 [2026-08-18T11:45:49.866025] Uploading app package for app with guid eed2b67a-83f4-424b-8876-9856be729ff6 (STDOUT, API)#
#2026 08 18 11:46:41.154#Z#DEBUG#3e4f6cdc-9afa-11f1-818d-eeee0a9896c2.bookscapm-db-deployer#flowable-async-job-executor-thread-12042#
[PollExecuteTaskStatusExecution] eed2b67a-83f4-424b-8876-9856be729ff6 [2026-08-18T11:45:50.059378] Updated app with guid eed2b67a-83f4-424b-8876-9856be729ff6 ({"environment_variables"=>"[PRIVATE DATA HIDDEN]"}) (STDOUT, API)#
#2026 08 18 11:46:41.154#Z#DEBUG#3e4f6cdc-9afa-11f1-818d-eeee0a9896c2.bookscapm-db-deployer#flowable-async-job-executor-thread-12042#
[PollExecuteTaskStatusExecution] eed2b67a-83f4-424b-8876-9856be729ff6 [2026-08-18T11:46:00.432893] Creating build for app with guid eed2b67a-83f4-424b-8876-9856be729ff6 (STDOUT, API)#
#2026 08 18 11:46:41.154#Z#DEBUG#3e4f6cdc-9afa-11f1-818d-eeee0a9896c2.bookscapm-db-deployer#flowable-async-job-executor-thread-12042#
[PollExecuteTaskStatusExecution] eed2b67a-83f4-424b-8876-9856be729ff6 [2026-08-18T11:46:00.822063] Downloading nodejs_buildpack... (STDOUT, STG)#
#2026 08 18 11:46:41.154#Z#DEBUG#3e4f6cdc-9afa-11f1-818d-eeee0a9896c2.bookscapm-db-deployer#flowable-async-job-executor-thread-12042#
[PollExecuteTaskStatusExecution] eed2b67a-83f4-424b-8876-9856be729ff6 [2026-08-18T11:46:00.870838] Downloaded nodejs_buildpack (STDOUT, STG)#
#2026 08 18 11:46:41.154#Z#DEBUG#3e4f6cdc-9afa-11f1-818d-eeee0a9896c2.bookscapm-db-deployer#flowable-async-job-executor-thread-12042#
[PollExecuteTaskStatusExecution] eed2b67a-83f4-424b-8876-9856be729ff6 [2026-08-18T11:46:00.870945] Cell 684caff8-89cd-492b-be01-b3d0835f1763 creating container for instance 365f88eb-da84-489f-ae1b-6b1911a38998 (STDOUT, STG)#
#2026 08 18 11:46:41.154#Z#DEBUG#3e4f6cdc-9afa-11f1-818d-eeee0a9896c2.bookscapm-db-deployer#flowable-async-job-executor-thread-12042#
[PollExecuteTaskStatusExecution] eed2b67a-83f4-424b-8876-9856be729ff6 [2026-08-18T11:46:01.527646] Security group rules were updated (STDOUT, STG)#
#2026 08 18 11:46:41.154#Z#DEBUG#3e4f6cdc-9afa-11f1-818d-eeee0a9896c2.bookscapm-db-deployer#flowable-async-job-executor-thread-12042#
[PollExecuteTaskStatusExecution] eed2b67a-83f4-424b-8876-9856be729ff6 [2026-08-18T11:46:01.619771] Cell 684caff8-89cd-492b-be01-b3d0835f1763 successfully created container for instance 365f88eb-da84-489f-ae1b-6b1911a38998 (STDOUT, STG)#
#2026 08 18 11:46:41.154#Z#DEBUG#3e4f6cdc-9afa-11f1-818d-eeee0a9896c2.bookscapm-db-deployer#flowable-async-job-executor-thread-12042#
[PollExecuteTaskStatusExecution] eed2b67a-83f4-424b-8876-9856be729ff6 [2026-08-18T11:46:02.199247] Downloading app package... (STDOUT, STG)#
#2026 08 18 11:46:41.154#Z#DEBUG#3e4f6cdc-9afa-11f1-818d-eeee0a9896c2.bookscapm-db-deployer#flowable-async-job-executor-thread-12042#
[PollExecuteTaskStatusExecution] eed2b67a-83f4-424b-8876-9856be729ff6 [2026-08-18T11:46:02.492080] Downloaded app package (2.3M) (STDOUT, STG)#
#2026 08 18 11:46:41.154#Z#DEBUG#3e4f6cdc-9afa-11f1-818d-eeee0a9896c2.bookscapm-db-deployer#flowable-async-job-executor-thread-12042#
[PollExecuteTaskStatusExecution] eed2b67a-83f4-424b-8876-9856be729ff6 [2026-08-18T11:46:02.594895] -----> Nodejs Buildpack version 1.9.2 (STDOUT, STG)#
#2026 08 18 11:46:41.154#Z#DEBUG#3e4f6cdc-9afa-11f1-818d-eeee0a9896c2.bookscapm-db-deployer#flowable-async-job-executor-thread-12042#
[PollExecuteTaskStatusExecution] eed2b67a-83f4-424b-8876-9856be729ff6 [2026-08-18T11:46:02.704088] -----> Bootstrapping python (STDOUT, STG)#
#2026 08 18 11:46:41.154#Z#DEBUG#3e4f6cdc-9afa-11f1-818d-eeee0a9896c2.bookscapm-db-deployer#flowable-async-job-executor-thread-12042#
[PollExecuteTaskStatusExecution] eed2b67a-83f4-424b-8876-9856be729ff6 [2026-08-18T11:46:02.704118] -----> Installing python 3.13.13 (STDOUT, STG)#
#2026 08 18 11:46:41.154#Z#DEBUG#3e4f6cdc-9afa-11f1-818d-eeee0a9896c2.bookscapm-db-deployer#flowable-async-job-executor-thread-12042#
[PollExecuteTaskStatusExecution] eed2b67a-83f4-424b-8876-9856be729ff6 [2026-08-18T11:46:02.704146] Copy [/tmp/buildpacks/17bd89c67d092631/dependencies/268a5e3743d51a14b86ea9da64439307/python_3.13.13_linux_x64_cflinuxfs4_8311abbf.tgz] (STDOUT, STG)#
#2026 08 18 11:46:41.154#Z#DEBUG#3e4f6cdc-9afa-11f1-818d-eeee0a9896c2.bookscapm-db-deployer#flowable-async-job-executor-thread-12042#
[PollExecuteTaskStatusExecution] eed2b67a-83f4-424b-8876-9856be729ff6 [2026-08-18T11:46:06.869773] -----> Installing binaries (STDOUT, STG)#
#2026 08 18 11:46:41.154#Z#DEBUG#3e4f6cdc-9afa-11f1-818d-eeee0a9896c2.bookscapm-db-deployer#flowable-async-job-executor-thread-12042#
[PollExecuteTaskStatusExecution] eed2b67a-83f4-424b-8876-9856be729ff6 [2026-08-18T11:46:06.870445] engines.node (package.json): >=18 (STDOUT, STG)#
#2026 08 18 11:46:41.154#Z#DEBUG#3e4f6cdc-9afa-11f1-818d-eeee0a9896c2.bookscapm-db-deployer#flowable-async-job-executor-thread-12042#
[PollExecuteTaskStatusExecution] eed2b67a-83f4-424b-8876-9856be729ff6 [2026-08-18T11:46:06.870468] engines.npm (package.json): unspecified (use default) (STDOUT, STG)#
#2026 08 18 11:46:41.154#Z#DEBUG#3e4f6cdc-9afa-11f1-818d-eeee0a9896c2.bookscapm-db-deployer#flowable-async-job-executor-thread-12042#
[PollExecuteTaskStatusExecution] eed2b67a-83f4-424b-8876-9856be729ff6 [2026-08-18T11:46:06.870484] [31;1m**WARNING**[0m Dangerous semver range (>) in engines.node. See: http://docs.cloudfoundry.org/buildpacks/node/node-tips.html (STDOUT, STG)#
#2026 08 18 11:46:41.154#Z#DEBUG#3e4f6cdc-9afa-11f1-818d-eeee0a9896c2.bookscapm-db-deployer#flowable-async-job-executor-thread-12042#
[PollExecuteTaskStatusExecution] eed2b67a-83f4-424b-8876-9856be729ff6 [2026-08-18T11:46:06.870806] -----> Installing node 24.15.0 (STDOUT, STG)#
#2026 08 18 11:46:41.154#Z#DEBUG#3e4f6cdc-9afa-11f1-818d-eeee0a9896c2.bookscapm-db-deployer#flowable-async-job-executor-thread-12042#
[PollExecuteTaskStatusExecution] eed2b67a-83f4-424b-8876-9856be729ff6 [2026-08-18T11:46:06.871001] Copy [/tmp/buildpacks/17bd89c67d092631/dependencies/6441e97e6386f47ec4c16cfdf8db0a17/node_24.15.0_linux_x64_cflinuxfs4_1a62d98b.tgz] (STDOUT, STG)#
#2026 08 18 11:46:41.154#Z#DEBUG#3e4f6cdc-9afa-11f1-818d-eeee0a9896c2.bookscapm-db-deployer#flowable-async-job-executor-thread-12042#
[PollExecuteTaskStatusExecution] eed2b67a-83f4-424b-8876-9856be729ff6 [2026-08-18T11:46:09.411285] Using default npm version: 11.12.1 (STDOUT, STG)#
#2026 08 18 11:46:41.154#Z#DEBUG#3e4f6cdc-9afa-11f1-818d-eeee0a9896c2.bookscapm-db-deployer#flowable-async-job-executor-thread-12042#
[PollExecuteTaskStatusExecution] eed2b67a-83f4-424b-8876-9856be729ff6 [2026-08-18T11:46:09.411318] -----> Installing yarn 1.22.22 (STDOUT, STG)#
#2026 08 18 11:46:41.154#Z#DEBUG#3e4f6cdc-9afa-11f1-818d-eeee0a9896c2.bookscapm-db-deployer#flowable-async-job-executor-thread-12042#
[PollExecuteTaskStatusExecution] eed2b67a-83f4-424b-8876-9856be729ff6 [2026-08-18T11:46:09.411435] Copy [/tmp/buildpacks/17bd89c67d092631/dependencies/e4fe26756e9984a665478d350474fa2e/yarn_1.22.22_linux_noarch_any-stack_b6132b86.tgz] (STDOUT, STG)#
#2026 08 18 11:46:41.154#Z#DEBUG#3e4f6cdc-9afa-11f1-818d-eeee0a9896c2.bookscapm-db-deployer#flowable-async-job-executor-thread-12042#
[PollExecuteTaskStatusExecution] eed2b67a-83f4-424b-8876-9856be729ff6 [2026-08-18T11:46:09.800439] Installed yarn 1.22.22 (STDOUT, STG)#
#2026 08 18 11:46:41.154#Z#DEBUG#3e4f6cdc-9afa-11f1-818d-eeee0a9896c2.bookscapm-db-deployer#flowable-async-job-executor-thread-12042#
[PollExecuteTaskStatusExecution] eed2b67a-83f4-424b-8876-9856be729ff6 [2026-08-18T11:46:09.800591] -----> Creating runtime environment (STDOUT, STG)#
#2026 08 18 11:46:41.154#Z#DEBUG#3e4f6cdc-9afa-11f1-818d-eeee0a9896c2.bookscapm-db-deployer#flowable-async-job-executor-thread-12042#
[PollExecuteTaskStatusExecution] eed2b67a-83f4-424b-8876-9856be729ff6 [2026-08-18T11:46:09.802605] NODE_ENV=production (STDOUT, STG)#
#2026 08 18 11:46:41.154#Z#DEBUG#3e4f6cdc-9afa-11f1-818d-eeee0a9896c2.bookscapm-db-deployer#flowable-async-job-executor-thread-12042#
[PollExecuteTaskStatusExecution] eed2b67a-83f4-424b-8876-9856be729ff6 [2026-08-18T11:46:09.802643] NODE_HOME=/tmp/contents2461303658/deps/0/node (STDOUT, STG)#
#2026 08 18 11:46:41.154#Z#DEBUG#3e4f6cdc-9afa-11f1-818d-eeee0a9896c2.bookscapm-db-deployer#flowable-async-job-executor-thread-12042#
[PollExecuteTaskStatusExecution] eed2b67a-83f4-424b-8876-9856be729ff6 [2026-08-18T11:46:09.802652] NODE_MODULES_CACHE=true (STDOUT, STG)#
#2026 08 18 11:46:41.154#Z#DEBUG#3e4f6cdc-9afa-11f1-818d-eeee0a9896c2.bookscapm-db-deployer#flowable-async-job-executor-thread-12042#
[PollExecuteTaskStatusExecution] eed2b67a-83f4-424b-8876-9856be729ff6 [2026-08-18T11:46:09.802655] NODE_VERBOSE=false (STDOUT, STG)#
#2026 08 18 11:46:41.154#Z#DEBUG#3e4f6cdc-9afa-11f1-818d-eeee0a9896c2.bookscapm-db-deployer#flowable-async-job-executor-thread-12042#
[PollExecuteTaskStatusExecution] eed2b67a-83f4-424b-8876-9856be729ff6 [2026-08-18T11:46:09.802658] NPM_CONFIG_LOGLEVEL=error (STDOUT, STG)#
#2026 08 18 11:46:41.154#Z#DEBUG#3e4f6cdc-9afa-11f1-818d-eeee0a9896c2.bookscapm-db-deployer#flowable-async-job-executor-thread-12042#
[PollExecuteTaskStatusExecution] eed2b67a-83f4-424b-8876-9856be729ff6 [2026-08-18T11:46:09.802662] NPM_CONFIG_PRODUCTION=true (STDOUT, STG)#
#2026 08 18 11:46:41.154#Z#DEBUG#3e4f6cdc-9afa-11f1-818d-eeee0a9896c2.bookscapm-db-deployer#flowable-async-job-executor-thread-12042#
[PollExecuteTaskStatusExecution] eed2b67a-83f4-424b-8876-9856be729ff6 [2026-08-18T11:46:09.802757] -----> Building dependencies (STDOUT, STG)#
#2026 08 18 11:46:41.154#Z#DEBUG#3e4f6cdc-9afa-11f1-818d-eeee0a9896c2.bookscapm-db-deployer#flowable-async-job-executor-thread-12042#
[PollExecuteTaskStatusExecution] eed2b67a-83f4-424b-8876-9856be729ff6 [2026-08-18T11:46:09.802774] Prebuild detected (node_modules already exists) (STDOUT, STG)#
#2026 08 18 11:46:41.154#Z#DEBUG#3e4f6cdc-9afa-11f1-818d-eeee0a9896c2.bookscapm-db-deployer#flowable-async-job-executor-thread-12042#
[PollExecuteTaskStatusExecution] eed2b67a-83f4-424b-8876-9856be729ff6 [2026-08-18T11:46:09.802777] Rebuilding any native modules (STDOUT, STG)#
#2026 08 18 11:46:41.154#Z#DEBUG#3e4f6cdc-9afa-11f1-818d-eeee0a9896c2.bookscapm-db-deployer#flowable-async-job-executor-thread-12042#
[PollExecuteTaskStatusExecution] eed2b67a-83f4-424b-8876-9856be729ff6 [2026-08-18T11:46:10.406501] rebuilt dependencies successfully (STDOUT, STG)#
#2026 08 18 11:46:41.154#Z#DEBUG#3e4f6cdc-9afa-11f1-818d-eeee0a9896c2.bookscapm-db-deployer#flowable-async-job-executor-thread-12042#
[PollExecuteTaskStatusExecution] eed2b67a-83f4-424b-8876-9856be729ff6 [2026-08-18T11:46:10.479574] Installing any new modules (package.json + package-lock.json) (STDOUT, STG)#
#2026 08 18 11:46:41.154#Z#DEBUG#3e4f6cdc-9afa-11f1-818d-eeee0a9896c2.bookscapm-db-deployer#flowable-async-job-executor-thread-12042#
[PollExecuteTaskStatusExecution] eed2b67a-83f4-424b-8876-9856be729ff6 [2026-08-18T11:46:10.980440] up to date in 411ms (STDOUT, STG)#
#2026 08 18 11:46:41.154#Z#DEBUG#3e4f6cdc-9afa-11f1-818d-eeee0a9896c2.bookscapm-db-deployer#flowable-async-job-executor-thread-12042#
[PollExecuteTaskStatusExecution] eed2b67a-83f4-424b-8876-9856be729ff6 [2026-08-18T11:46:10.980814] 4 packages are looking for funding (STDOUT, STG)#
#2026 08 18 11:46:41.154#Z#DEBUG#3e4f6cdc-9afa-11f1-818d-eeee0a9896c2.bookscapm-db-deployer#flowable-async-job-executor-thread-12042#
[PollExecuteTaskStatusExecution] eed2b67a-83f4-424b-8876-9856be729ff6 [2026-08-18T11:46:10.980836] run `npm fund` for details (STDOUT, STG)#
#2026 08 18 11:46:41.154#Z#DEBUG#3e4f6cdc-9afa-11f1-818d-eeee0a9896c2.bookscapm-db-deployer#flowable-async-job-executor-thread-12042#
[PollExecuteTaskStatusExecution] eed2b67a-83f4-424b-8876-9856be729ff6 [2026-08-18T11:46:11.941345] Contrast Security no credentials found. Will not write environment files. (STDOUT, STG)#
#2026 08 18 11:46:41.154#Z#DEBUG#3e4f6cdc-9afa-11f1-818d-eeee0a9896c2.bookscapm-db-deployer#flowable-async-job-executor-thread-12042#
[PollExecuteTaskStatusExecution] eed2b67a-83f4-424b-8876-9856be729ff6 [2026-08-18T11:46:21.037279] Exit status 0 (STDOUT, STG)#
#2026 08 18 11:46:41.154#Z#DEBUG#3e4f6cdc-9afa-11f1-818d-eeee0a9896c2.bookscapm-db-deployer#flowable-async-job-executor-thread-12042#
[PollExecuteTaskStatusExecution] eed2b67a-83f4-424b-8876-9856be729ff6 [2026-08-18T11:46:21.037333] Uploading droplet, build artifacts cache... (STDOUT, STG)#
#2026 08 18 11:46:41.154#Z#DEBUG#3e4f6cdc-9afa-11f1-818d-eeee0a9896c2.bookscapm-db-deployer#flowable-async-job-executor-thread-12042#
[PollExecuteTaskStatusExecution] eed2b67a-83f4-424b-8876-9856be729ff6 [2026-08-18T11:46:21.037374] Uploading droplet... (STDOUT, STG)#
#2026 08 18 11:46:41.154#Z#DEBUG#3e4f6cdc-9afa-11f1-818d-eeee0a9896c2.bookscapm-db-deployer#flowable-async-job-executor-thread-12042#
[PollExecuteTaskStatusExecution] eed2b67a-83f4-424b-8876-9856be729ff6 [2026-08-18T11:46:21.037384] Uploading build artifacts cache... (STDOUT, STG)#
#2026 08 18 11:46:41.154#Z#DEBUG#3e4f6cdc-9afa-11f1-818d-eeee0a9896c2.bookscapm-db-deployer#flowable-async-job-executor-thread-12042#
[PollExecuteTaskStatusExecution] eed2b67a-83f4-424b-8876-9856be729ff6 [2026-08-18T11:46:21.055147] Uploaded build artifacts cache (219B) (STDOUT, STG)#
#2026 08 18 11:46:41.154#Z#DEBUG#3e4f6cdc-9afa-11f1-818d-eeee0a9896c2.bookscapm-db-deployer#flowable-async-job-executor-thread-12042#
[PollExecuteTaskStatusExecution] eed2b67a-83f4-424b-8876-9856be729ff6 [2026-08-18T11:46:21.731007] Creating droplet for app with guid eed2b67a-83f4-424b-8876-9856be729ff6 (STDOUT, API)#
#2026 08 18 11:46:41.154#Z#DEBUG#3e4f6cdc-9afa-11f1-818d-eeee0a9896c2.bookscapm-db-deployer#flowable-async-job-executor-thread-12042#
[PollExecuteTaskStatusExecution] eed2b67a-83f4-424b-8876-9856be729ff6 [2026-08-18T11:46:24.798800] Uploaded droplet (58.6M) (STDOUT, STG)#
#2026 08 18 11:46:41.154#Z#DEBUG#3e4f6cdc-9afa-11f1-818d-eeee0a9896c2.bookscapm-db-deployer#flowable-async-job-executor-thread-12042#
[PollExecuteTaskStatusExecution] eed2b67a-83f4-424b-8876-9856be729ff6 [2026-08-18T11:46:24.819502] Uploading complete (STDOUT, STG)#
#2026 08 18 11:46:41.154#Z#DEBUG#3e4f6cdc-9afa-11f1-818d-eeee0a9896c2.bookscapm-db-deployer#flowable-async-job-executor-thread-12042#
[PollExecuteTaskStatusExecution] eed2b67a-83f4-424b-8876-9856be729ff6 [2026-08-18T11:46:25.396700] Cell 684caff8-89cd-492b-be01-b3d0835f1763 stopping instance 365f88eb-da84-489f-ae1b-6b1911a38998 (STDOUT, STG)#
#2026 08 18 11:46:41.154#Z#DEBUG#3e4f6cdc-9afa-11f1-818d-eeee0a9896c2.bookscapm-db-deployer#flowable-async-job-executor-thread-12042#
[PollExecuteTaskStatusExecution] eed2b67a-83f4-424b-8876-9856be729ff6 [2026-08-18T11:46:25.396737] Cell 684caff8-89cd-492b-be01-b3d0835f1763 destroying container for instance 365f88eb-da84-489f-ae1b-6b1911a38998 (STDOUT, STG)#
#2026 08 18 11:46:41.154#Z#DEBUG#3e4f6cdc-9afa-11f1-818d-eeee0a9896c2.bookscapm-db-deployer#flowable-async-job-executor-thread-12042#
[PollExecuteTaskStatusExecution] eed2b67a-83f4-424b-8876-9856be729ff6 [2026-08-18T11:46:25.457288] Staging complete for build 365f88eb-da84-489f-ae1b-6b1911a38998 (STDOUT, API)#
#2026 08 18 11:46:41.154#Z#DEBUG#3e4f6cdc-9afa-11f1-818d-eeee0a9896c2.bookscapm-db-deployer#flowable-async-job-executor-thread-12042#
[PollExecuteTaskStatusExecution] eed2b67a-83f4-424b-8876-9856be729ff6 [2026-08-18T11:46:28.390107] Cell 684caff8-89cd-492b-be01-b3d0835f1763 successfully destroyed container for instance 365f88eb-da84-489f-ae1b-6b1911a38998 (STDOUT, STG)#
#2026 08 18 11:46:41.154#Z#DEBUG#3e4f6cdc-9afa-11f1-818d-eeee0a9896c2.bookscapm-db-deployer#flowable-async-job-executor-thread-12042#
[PollExecuteTaskStatusExecution] eed2b67a-83f4-424b-8876-9856be729ff6 [2026-08-18T11:46:30.748846] Updated app with guid eed2b67a-83f4-424b-8876-9856be729ff6 ({:droplet_guid=>"e8e06844-d5d3-45cd-8f16-7a5b89c5b1aa"}) (STDOUT, API)#
#2026 08 18 11:46:41.154#Z#DEBUG#3e4f6cdc-9afa-11f1-818d-eeee0a9896c2.bookscapm-db-deployer#flowable-async-job-executor-thread-12042#
[PollExecuteTaskStatusExecution] eed2b67a-83f4-424b-8876-9856be729ff6 [2026-08-18T11:46:32.111095] Cell 77283d80-dfa7-40ba-ba4e-265aef112085 creating container for instance bb925916-d3ec-4ef0-acac-245dd1f7b257 (STDOUT, CELL)#
#2026 08 18 11:46:41.154#Z#DEBUG#3e4f6cdc-9afa-11f1-818d-eeee0a9896c2.bookscapm-db-deployer#flowable-async-job-executor-thread-12042#
[PollExecuteTaskStatusExecution] eed2b67a-83f4-424b-8876-9856be729ff6 [2026-08-18T11:46:32.803263] Security group rules were updated (STDOUT, CELL)#
#2026 08 18 11:46:41.154#Z#DEBUG#3e4f6cdc-9afa-11f1-818d-eeee0a9896c2.bookscapm-db-deployer#flowable-async-job-executor-thread-12042#
[PollExecuteTaskStatusExecution] eed2b67a-83f4-424b-8876-9856be729ff6 [2026-08-18T11:46:32.893692] Cell 77283d80-dfa7-40ba-ba4e-265aef112085 successfully created container for instance bb925916-d3ec-4ef0-acac-245dd1f7b257 (STDOUT, CELL)#
#2026 08 18 11:46:41.154#Z#DEBUG#3e4f6cdc-9afa-11f1-818d-eeee0a9896c2.bookscapm-db-deployer#flowable-async-job-executor-thread-12042#
[PollExecuteTaskStatusExecution] eed2b67a-83f4-424b-8876-9856be729ff6 [2026-08-18T11:46:36.800786] Invoking pre-start scripts. (STDOUT, APP/TASK/deploy)#
#2026 08 18 11:46:41.154#Z#DEBUG#3e4f6cdc-9afa-11f1-818d-eeee0a9896c2.bookscapm-db-deployer#flowable-async-job-executor-thread-12042#
[PollExecuteTaskStatusExecution] eed2b67a-83f4-424b-8876-9856be729ff6 [2026-08-18T11:46:36.999261] Invoking start command. (STDOUT, APP/TASK/deploy)#
#2026 08 18 11:46:41.154#Z#DEBUG#3e4f6cdc-9afa-11f1-818d-eeee0a9896c2.bookscapm-db-deployer#flowable-async-job-executor-thread-12042#
[PollExecuteTaskStatusExecution] eed2b67a-83f4-424b-8876-9856be729ff6 [2026-08-18T11:46:37.438186] > start (STDOUT, APP/TASK/deploy)#
#2026 08 18 11:46:41.154#Z#DEBUG#3e4f6cdc-9afa-11f1-818d-eeee0a9896c2.bookscapm-db-deployer#flowable-async-job-executor-thread-12042#
[PollExecuteTaskStatusExecution] eed2b67a-83f4-424b-8876-9856be729ff6 [2026-08-18T11:46:37.438224] > node node_modules/@sap/hdi-deploy/deploy.js --use-hdb --parameter com.sap.hana.di.table/try_fast_table_migration=true (STDOUT, APP/TASK/deploy)#
#2026 08 18 11:46:41.154#Z#DEBUG#3e4f6cdc-9afa-11f1-818d-eeee0a9896c2.bookscapm-db-deployer#flowable-async-job-executor-thread-12042#
[PollExecuteTaskStatusExecution] eed2b67a-83f4-424b-8876-9856be729ff6 [2026-08-18T11:46:37.592996] VCAP_SERVICES: (STDOUT, APP/TASK/deploy)#
#2026 08 18 11:46:41.154#Z#DEBUG#3e4f6cdc-9afa-11f1-818d-eeee0a9896c2.bookscapm-db-deployer#flowable-async-job-executor-thread-12042#
[PollExecuteTaskStatusExecution] eed2b67a-83f4-424b-8876-9856be729ff6 [2026-08-18T11:46:37.593761] { (STDOUT, APP/TASK/deploy)#
#2026 08 18 11:46:41.154#Z#DEBUG#3e4f6cdc-9afa-11f1-818d-eeee0a9896c2.bookscapm-db-deployer#flowable-async-job-executor-thread-12042#
[PollExecuteTaskStatusExecution] eed2b67a-83f4-424b-8876-9856be729ff6 [2026-08-18T11:46:37.593788] "hana": [ (STDOUT, APP/TASK/deploy)#
#2026 08 18 11:46:41.154#Z#DEBUG#3e4f6cdc-9afa-11f1-818d-eeee0a9896c2.bookscapm-db-deployer#flowable-async-job-executor-thread-12042#
[PollExecuteTaskStatusExecution] eed2b67a-83f4-424b-8876-9856be729ff6 [2026-08-18T11:46:37.593793] { (STDOUT, APP/TASK/deploy)#
#2026 08 18 11:46:41.154#Z#DEBUG#3e4f6cdc-9afa-11f1-818d-eeee0a9896c2.bookscapm-db-deployer#flowable-async-job-executor-thread-12042#
[PollExecuteTaskStatusExecution] eed2b67a-83f4-424b-8876-9856be729ff6 [2026-08-18T11:46:37.593796] "name": "bookscapm-db", (STDOUT, APP/TASK/deploy)#
#2026 08 18 11:46:41.154#Z#DEBUG#3e4f6cdc-9afa-11f1-818d-eeee0a9896c2.bookscapm-db-deployer#flowable-async-job-executor-thread-12042#
[PollExecuteTaskStatusExecution] eed2b67a-83f4-424b-8876-9856be729ff6 [2026-08-18T11:46:37.593800] "label": "hana", (STDOUT, APP/TASK/deploy)#
#2026 08 18 11:46:41.154#Z#DEBUG#3e4f6cdc-9afa-11f1-818d-eeee0a9896c2.bookscapm-db-deployer#flowable-async-job-executor-thread-12042#
[PollExecuteTaskStatusExecution] eed2b67a-83f4-424b-8876-9856be729ff6 [2026-08-18T11:46:37.593803] "plan": "hdi-shared", (STDOUT, APP/TASK/deploy)#
#2026 08 18 11:46:41.154#Z#DEBUG#3e4f6cdc-9afa-11f1-818d-eeee0a9896c2.bookscapm-db-deployer#flowable-async-job-executor-thread-12042#
[PollExecuteTaskStatusExecution] eed2b67a-83f4-424b-8876-9856be729ff6 [2026-08-18T11:46:37.593805] "credentials": { (STDOUT, APP/TASK/deploy)#
#2026 08 18 11:46:41.154#Z#DEBUG#3e4f6cdc-9afa-11f1-818d-eeee0a9896c2.bookscapm-db-deployer#flowable-async-job-executor-thread-12042#
[PollExecuteTaskStatusExecution] eed2b67a-83f4-424b-8876-9856be729ff6 [2026-08-18T11:46:37.593809] "schema": "A73E289B4D5D4307AA998E0AFB8BB7E9", (STDOUT, APP/TASK/deploy)#
#2026 08 18 11:46:41.154#Z#DEBUG#3e4f6cdc-9afa-11f1-818d-eeee0a9896c2.bookscapm-db-deployer#flowable-async-job-executor-thread-12042#
[PollExecuteTaskStatusExecution] eed2b67a-83f4-424b-8876-9856be729ff6 [2026-08-18T11:46:37.593811] "database_id": "e76196d1-3d0e-4b63-a58c-bb3e1889cb4b", (STDOUT, APP/TASK/deploy)#
#2026 08 18 11:46:41.154#Z#DEBUG#3e4f6cdc-9afa-11f1-818d-eeee0a9896c2.bookscapm-db-deployer#flowable-async-job-executor-thread-12042#
[PollExecuteTaskStatusExecution] eed2b67a-83f4-424b-8876-9856be729ff6 [2026-08-18T11:46:37.593815] "user": "A73E289B4D5D4307AA998E0AFB8BB7E9_67D6FI6EZVE5K3WB2RZSU9F9J_RT", (STDOUT, APP/TASK/deploy)#
#2026 08 18 11:46:41.154#Z#DEBUG#3e4f6cdc-9afa-11f1-818d-eeee0a9896c2.bookscapm-db-deployer#flowable-async-job-executor-thread-12042#
[PollExecuteTaskStatusExecution] eed2b67a-83f4-424b-8876-9856be729ff6 [2026-08-18T11:46:37.593818] "hdi_user": "A73E289B4D5D4307AA998E0AFB8BB7E9_67D6FI6EZVE5K3WB2RZSU9F9J_DT" (STDOUT, APP/TASK/deploy)#
#2026 08 18 11:46:41.154#Z#DEBUG#3e4f6cdc-9afa-11f1-818d-eeee0a9896c2.bookscapm-db-deployer#flowable-async-job-executor-thread-12042#
[PollExecuteTaskStatusExecution] eed2b67a-83f4-424b-8876-9856be729ff6 [2026-08-18T11:46:37.593825] }, (STDOUT, APP/TASK/deploy)#
#2026 08 18 11:46:41.154#Z#DEBUG#3e4f6cdc-9afa-11f1-818d-eeee0a9896c2.bookscapm-db-deployer#flowable-async-job-executor-thread-12042#
[PollExecuteTaskStatusExecution] eed2b67a-83f4-424b-8876-9856be729ff6 [2026-08-18T11:46:37.593828] "tags": [ (STDOUT, APP/TASK/deploy)#
#2026 08 18 11:46:41.154#Z#DEBUG#3e4f6cdc-9afa-11f1-818d-eeee0a9896c2.bookscapm-db-deployer#flowable-async-job-executor-thread-12042#
[PollExecuteTaskStatusExecution] eed2b67a-83f4-424b-8876-9856be729ff6 [2026-08-18T11:46:37.593830] "hana", (STDOUT, APP/TASK/deploy)#
#2026 08 18 11:46:41.154#Z#DEBUG#3e4f6cdc-9afa-11f1-818d-eeee0a9896c2.bookscapm-db-deployer#flowable-async-job-executor-thread-12042#
[PollExecuteTaskStatusExecution] eed2b67a-83f4-424b-8876-9856be729ff6 [2026-08-18T11:46:37.593837] "database", (STDOUT, APP/TASK/deploy)#
#2026 08 18 11:46:41.154#Z#DEBUG#3e4f6cdc-9afa-11f1-818d-eeee0a9896c2.bookscapm-db-deployer#flowable-async-job-executor-thread-12042#
[PollExecuteTaskStatusExecution] eed2b67a-83f4-424b-8876-9856be729ff6 [2026-08-18T11:46:37.593839] "relational" (STDOUT, APP/TASK/deploy)#
#2026 08 18 11:46:41.154#Z#DEBUG#3e4f6cdc-9afa-11f1-818d-eeee0a9896c2.bookscapm-db-deployer#flowable-async-job-executor-thread-12042#
[PollExecuteTaskStatusExecution] eed2b67a-83f4-424b-8876-9856be729ff6 [2026-08-18T11:46:37.593842] ] (STDOUT, APP/TASK/deploy)#
#2026 08 18 11:46:41.154#Z#DEBUG#3e4f6cdc-9afa-11f1-818d-eeee0a9896c2.bookscapm-db-deployer#flowable-async-job-executor-thread-12042#
[PollExecuteTaskStatusExecution] eed2b67a-83f4-424b-8876-9856be729ff6 [2026-08-18T11:46:37.593844] } (STDOUT, APP/TASK/deploy)#
#2026 08 18 11:46:41.154#Z#DEBUG#3e4f6cdc-9afa-11f1-818d-eeee0a9896c2.bookscapm-db-deployer#flowable-async-job-executor-thread-12042#
[PollExecuteTaskStatusExecution] eed2b67a-83f4-424b-8876-9856be729ff6 [2026-08-18T11:46:37.593864] ] (STDOUT, APP/TASK/deploy)#
#2026 08 18 11:46:41.154#Z#DEBUG#3e4f6cdc-9afa-11f1-818d-eeee0a9896c2.bookscapm-db-deployer#flowable-async-job-executor-thread-12042#
[PollExecuteTaskStatusExecution] eed2b67a-83f4-424b-8876-9856be729ff6 [2026-08-18T11:46:37.593866] } (STDOUT, APP/TASK/deploy)#
#2026 08 18 11:46:41.154#Z#DEBUG#3e4f6cdc-9afa-11f1-818d-eeee0a9896c2.bookscapm-db-deployer#flowable-async-job-executor-thread-12042#
[PollExecuteTaskStatusExecution] eed2b67a-83f4-424b-8876-9856be729ff6 [2026-08-18T11:46:38.178752] @sap/hdi-deploy, version 5.7.0 (mode default), server version 4.00.000.00.1785832557 (4.0.0.0), cloud version 2026.14.14, node version 24.15.0, HDI version 1016, container API version 1007 (STDOUT, APP/TASK/deploy)#
#2026 08 18 11:46:41.154#Z#DEBUG#3e4f6cdc-9afa-11f1-818d-eeee0a9896c2.bookscapm-db-deployer#flowable-async-job-executor-thread-12042#
[PollExecuteTaskStatusExecution] eed2b67a-83f4-424b-8876-9856be729ff6 [2026-08-18T11:46:38.178794] Deployment started at 2026-08-18 11:46:38 (STDOUT, APP/TASK/deploy)#
#2026 08 18 11:46:41.154#Z#DEBUG#3e4f6cdc-9afa-11f1-818d-eeee0a9896c2.bookscapm-db-deployer#flowable-async-job-executor-thread-12042#
[PollExecuteTaskStatusExecution] eed2b67a-83f4-424b-8876-9856be729ff6 [2026-08-18T11:46:38.179175] Using hdb@2.29.6 for connection (STDOUT, APP/TASK/deploy)#
#2026 08 18 11:46:41.154#Z#DEBUG#3e4f6cdc-9afa-11f1-818d-eeee0a9896c2.bookscapm-db-deployer#flowable-async-job-executor-thread-12042#
[PollExecuteTaskStatusExecution] eed2b67a-83f4-424b-8876-9856be729ff6 [2026-08-18T11:46:38.197928] No ignore file at /home/vcap/app/.hdiignore. (STDOUT, APP/TASK/deploy)#
#2026 08 18 11:46:41.154#Z#DEBUG#3e4f6cdc-9afa-11f1-818d-eeee0a9896c2.bookscapm-db-deployer#flowable-async-job-executor-thread-12042#
[PollExecuteTaskStatusExecution] eed2b67a-83f4-424b-8876-9856be729ff6 [2026-08-18T11:46:38.198221] Collecting files... (STDOUT, APP/TASK/deploy)#
#2026 08 18 11:46:41.154#Z#DEBUG#3e4f6cdc-9afa-11f1-818d-eeee0a9896c2.bookscapm-db-deployer#flowable-async-job-executor-thread-12042#
[PollExecuteTaskStatusExecution] eed2b67a-83f4-424b-8876-9856be729ff6 [2026-08-18T11:46:38.201433] Collecting files... ok (0s 3ms) (STDOUT, APP/TASK/deploy)#
#2026 08 18 11:46:41.154#Z#DEBUG#3e4f6cdc-9afa-11f1-818d-eeee0a9896c2.bookscapm-db-deployer#flowable-async-job-executor-thread-12042#
[PollExecuteTaskStatusExecution] eed2b67a-83f4-424b-8876-9856be729ff6 [2026-08-18T11:46:38.201454] 3 directories collected (STDOUT, APP/TASK/deploy)#
#2026 08 18 11:46:41.154#Z#DEBUG#3e4f6cdc-9afa-11f1-818d-eeee0a9896c2.bookscapm-db-deployer#flowable-async-job-executor-thread-12042#
[PollExecuteTaskStatusExecution] eed2b67a-83f4-424b-8876-9856be729ff6 [2026-08-18T11:46:38.201458] 8 files collected (STDOUT, APP/TASK/deploy)#
#2026 08 18 11:46:41.154#Z#DEBUG#3e4f6cdc-9afa-11f1-818d-eeee0a9896c2.bookscapm-db-deployer#flowable-async-job-executor-thread-12042#
[PollExecuteTaskStatusExecution] eed2b67a-83f4-424b-8876-9856be729ff6 [2026-08-18T11:46:38.201465] 0 reusable modules collected (STDOUT, APP/TASK/deploy)#
#2026 08 18 11:46:41.154#Z#DEBUG#3e4f6cdc-9afa-11f1-818d-eeee0a9896c2.bookscapm-db-deployer#flowable-async-job-executor-thread-12042#
[PollExecuteTaskStatusExecution] eed2b67a-83f4-424b-8876-9856be729ff6 [2026-08-18T11:46:38.201477] Target service: bookscapm-db (STDOUT, APP/TASK/deploy)#
#2026 08 18 11:46:41.154#Z#DEBUG#3e4f6cdc-9afa-11f1-818d-eeee0a9896c2.bookscapm-db-deployer#flowable-async-job-executor-thread-12042#
[PollExecuteTaskStatusExecution] eed2b67a-83f4-424b-8876-9856be729ff6 [2026-08-18T11:46:38.413998] Could not determine status of last build: Could not find any information about the previous deployment. (STDOUT, APP/TASK/deploy)#
#2026 08 18 11:46:41.154#Z#DEBUG#3e4f6cdc-9afa-11f1-818d-eeee0a9896c2.bookscapm-db-deployer#flowable-async-job-executor-thread-12042#
[PollExecuteTaskStatusExecution] eed2b67a-83f4-424b-8876-9856be729ff6 [2026-08-18T11:46:38.414044] Processing revoke files... (STDOUT, APP/TASK/deploy)#
#2026 08 18 11:46:41.154#Z#DEBUG#3e4f6cdc-9afa-11f1-818d-eeee0a9896c2.bookscapm-db-deployer#flowable-async-job-executor-thread-12042#
[PollExecuteTaskStatusExecution] eed2b67a-83f4-424b-8876-9856be729ff6 [2026-08-18T11:46:38.414295] Processing revoke files... ok (0s 0ms) (STDOUT, APP/TASK/deploy)#
#2026 08 18 11:46:41.154#Z#DEBUG#3e4f6cdc-9afa-11f1-818d-eeee0a9896c2.bookscapm-db-deployer#flowable-async-job-executor-thread-12042#
[PollExecuteTaskStatusExecution] eed2b67a-83f4-424b-8876-9856be729ff6 [2026-08-18T11:46:38.414331] Processing grants files... (STDOUT, APP/TASK/deploy)#
#2026 08 18 11:46:41.154#Z#DEBUG#3e4f6cdc-9afa-11f1-818d-eeee0a9896c2.bookscapm-db-deployer#flowable-async-job-executor-thread-12042#
[PollExecuteTaskStatusExecution] eed2b67a-83f4-424b-8876-9856be729ff6 [2026-08-18T11:46:38.414430] Processing grants files... ok (0s 0ms) (STDOUT, APP/TASK/deploy)#
#2026 08 18 11:46:41.154#Z#DEBUG#3e4f6cdc-9afa-11f1-818d-eeee0a9896c2.bookscapm-db-deployer#flowable-async-job-executor-thread-12042#
[PollExecuteTaskStatusExecution] eed2b67a-83f4-424b-8876-9856be729ff6 [2026-08-18T11:46:38.417221] Preprocessing files... (STDOUT, APP/TASK/deploy)#
#2026 08 18 11:46:41.154#Z#DEBUG#3e4f6cdc-9afa-11f1-818d-eeee0a9896c2.bookscapm-db-deployer#flowable-async-job-executor-thread-12042#
[PollExecuteTaskStatusExecution] eed2b67a-83f4-424b-8876-9856be729ff6 [2026-08-18T11:46:38.417315] Preprocessing files... ok (0s 0ms) (STDOUT, APP/TASK/deploy)#
#2026 08 18 11:46:41.154#Z#DEBUG#3e4f6cdc-9afa-11f1-818d-eeee0a9896c2.bookscapm-db-deployer#flowable-async-job-executor-thread-12042#
[PollExecuteTaskStatusExecution] eed2b67a-83f4-424b-8876-9856be729ff6 [2026-08-18T11:46:38.417397] Connecting to the container "A73E289B4D5D4307AA998E0AFB8BB7E9"... (STDOUT, APP/TASK/deploy)#
#2026 08 18 11:46:41.154#Z#DEBUG#3e4f6cdc-9afa-11f1-818d-eeee0a9896c2.bookscapm-db-deployer#flowable-async-job-executor-thread-12042#
[PollExecuteTaskStatusExecution] eed2b67a-83f4-424b-8876-9856be729ff6 [2026-08-18T11:46:38.499564] Connecting to the container "A73E289B4D5D4307AA998E0AFB8BB7E9"... ok (0s 82ms) (STDOUT, APP/TASK/deploy)#
#2026 08 18 11:46:41.154#Z#DEBUG#3e4f6cdc-9afa-11f1-818d-eeee0a9896c2.bookscapm-db-deployer#flowable-async-job-executor-thread-12042#
[PollExecuteTaskStatusExecution] eed2b67a-83f4-424b-8876-9856be729ff6 [2026-08-18T11:46:38.499598] Locking the container "A73E289B4D5D4307AA998E0AFB8BB7E9"... (STDOUT, APP/TASK/deploy)#
#2026 08 18 11:46:41.154#Z#DEBUG#3e4f6cdc-9afa-11f1-818d-eeee0a9896c2.bookscapm-db-deployer#flowable-async-job-executor-thread-12042#
[PollExecuteTaskStatusExecution] eed2b67a-83f4-424b-8876-9856be729ff6 [2026-08-18T11:46:38.702252] Locking the container "A73E289B4D5D4307AA998E0AFB8BB7E9"... ok (0s 203ms) (STDOUT, APP/TASK/deploy)#
#2026 08 18 11:46:41.154#Z#DEBUG#3e4f6cdc-9afa-11f1-818d-eeee0a9896c2.bookscapm-db-deployer#flowable-async-job-executor-thread-12042#
[PollExecuteTaskStatusExecution] eed2b67a-83f4-424b-8876-9856be729ff6 [2026-08-18T11:46:38.702280] Synchronizing files with the container "A73E289B4D5D4307AA998E0AFB8BB7E9"... (STDOUT, APP/TASK/deploy)#
#2026 08 18 11:46:41.154#Z#DEBUG#3e4f6cdc-9afa-11f1-818d-eeee0a9896c2.bookscapm-db-deployer#flowable-async-job-executor-thread-12042#
[PollExecuteTaskStatusExecution] eed2b67a-83f4-424b-8876-9856be729ff6 [2026-08-18T11:46:38.917631] Deleting files... (STDOUT, APP/TASK/deploy)#
#2026 08 18 11:46:41.154#Z#DEBUG#3e4f6cdc-9afa-11f1-818d-eeee0a9896c2.bookscapm-db-deployer#flowable-async-job-executor-thread-12042#
[PollExecuteTaskStatusExecution] eed2b67a-83f4-424b-8876-9856be729ff6 [2026-08-18T11:46:39.078877] Deleting files... ok (STDOUT, APP/TASK/deploy)#
#2026 08 18 11:46:41.154#Z#DEBUG#3e4f6cdc-9afa-11f1-818d-eeee0a9896c2.bookscapm-db-deployer#flowable-async-job-executor-thread-12042#
[PollExecuteTaskStatusExecution] eed2b67a-83f4-424b-8876-9856be729ff6 [2026-08-18T11:46:39.078906] Writing files... (STDOUT, APP/TASK/deploy)#
#2026 08 18 11:46:41.154#Z#DEBUG#3e4f6cdc-9afa-11f1-818d-eeee0a9896c2.bookscapm-db-deployer#flowable-async-job-executor-thread-12042#
[PollExecuteTaskStatusExecution] eed2b67a-83f4-424b-8876-9856be729ff6 [2026-08-18T11:46:39.079145] Writing 11 items (STDOUT, APP/TASK/deploy)#
#2026 08 18 11:46:41.154#Z#DEBUG#3e4f6cdc-9afa-11f1-818d-eeee0a9896c2.bookscapm-db-deployer#flowable-async-job-executor-thread-12042#
[PollExecuteTaskStatusExecution] eed2b67a-83f4-424b-8876-9856be729ff6 [2026-08-18T11:46:39.444963] Writing files... ok (STDOUT, APP/TASK/deploy)#
#2026 08 18 11:46:41.154#Z#DEBUG#3e4f6cdc-9afa-11f1-818d-eeee0a9896c2.bookscapm-db-deployer#flowable-async-job-executor-thread-12042#
[PollExecuteTaskStatusExecution] eed2b67a-83f4-424b-8876-9856be729ff6 [2026-08-18T11:46:39.444988] Synchronizing files with the container "A73E289B4D5D4307AA998E0AFB8BB7E9"... ok (0s 743ms) (STDOUT, APP/TASK/deploy)#
#2026 08 18 11:46:41.154#Z#DEBUG#3e4f6cdc-9afa-11f1-818d-eeee0a9896c2.bookscapm-db-deployer#flowable-async-job-executor-thread-12042#
[PollExecuteTaskStatusExecution] eed2b67a-83f4-424b-8876-9856be729ff6 [2026-08-18T11:46:39.445346] added files: [ (STDOUT, APP/TASK/deploy)#
#2026 08 18 11:46:41.154#Z#DEBUG#3e4f6cdc-9afa-11f1-818d-eeee0a9896c2.bookscapm-db-deployer#flowable-async-job-executor-thread-12042#
[PollExecuteTaskStatusExecution] eed2b67a-83f4-424b-8876-9856be729ff6 [2026-08-18T11:46:39.445366] "src/gen/.hdiconfig", (STDOUT, APP/TASK/deploy)#
#2026 08 18 11:46:41.154#Z#DEBUG#3e4f6cdc-9afa-11f1-818d-eeee0a9896c2.bookscapm-db-deployer#flowable-async-job-executor-thread-12042#
[PollExecuteTaskStatusExecution] eed2b67a-83f4-424b-8876-9856be729ff6 [2026-08-18T11:46:39.445370] "src/gen/.hdinamespace", (STDOUT, APP/TASK/deploy)#
#2026 08 18 11:46:41.154#Z#DEBUG#3e4f6cdc-9afa-11f1-818d-eeee0a9896c2.bookscapm-db-deployer#flowable-async-job-executor-thread-12042#
[PollExecuteTaskStatusExecution] eed2b67a-83f4-424b-8876-9856be729ff6 [2026-08-18T11:46:39.445374] "src/gen/BooksSrv.BooksSet.hdbview", (STDOUT, APP/TASK/deploy)#
#2026 08 18 11:46:41.154#Z#DEBUG#3e4f6cdc-9afa-11f1-818d-eeee0a9896c2.bookscapm-db-deployer#flowable-async-job-executor-thread-12042#
[PollExecuteTaskStatusExecution] eed2b67a-83f4-424b-8876-9856be729ff6 [2026-08-18T11:46:39.445379] "src/gen/cds.outbox.Messages.hdbtable", (STDOUT, APP/TASK/deploy)#
#2026 08 18 11:46:41.154#Z#DEBUG#3e4f6cdc-9afa-11f1-818d-eeee0a9896c2.bookscapm-db-deployer#flowable-async-job-executor-thread-12042#
[PollExecuteTaskStatusExecution] eed2b67a-83f4-424b-8876-9856be729ff6 [2026-08-18T11:46:39.445382] "src/gen/data/db-books.Books.csv", (STDOUT, APP/TASK/deploy)#
#2026 08 18 11:46:41.154#Z#DEBUG#3e4f6cdc-9afa-11f1-818d-eeee0a9896c2.bookscapm-db-deployer#flowable-async-job-executor-thread-12042#
[PollExecuteTaskStatusExecution] eed2b67a-83f4-424b-8876-9856be729ff6 [2026-08-18T11:46:39.445384] "src/gen/data/db-books.Books.hdbtabledata", (STDOUT, APP/TASK/deploy)#
#2026 08 18 11:46:41.154#Z#DEBUG#3e4f6cdc-9afa-11f1-818d-eeee0a9896c2.bookscapm-db-deployer#flowable-async-job-executor-thread-12042#
[PollExecuteTaskStatusExecution] eed2b67a-83f4-424b-8876-9856be729ff6 [2026-08-18T11:46:39.445387] "src/gen/db.books.Books.hdbtable", (STDOUT, APP/TASK/deploy)#
#2026 08 18 11:46:41.154#Z#DEBUG#3e4f6cdc-9afa-11f1-818d-eeee0a9896c2.bookscapm-db-deployer#flowable-async-job-executor-thread-12042#
[PollExecuteTaskStatusExecution] eed2b67a-83f4-424b-8876-9856be729ff6 [2026-08-18T11:46:39.445389] "src/gen/db.books.Library.hdbtable" (STDOUT, APP/TASK/deploy)#
#2026 08 18 11:46:41.154#Z#DEBUG#3e4f6cdc-9afa-11f1-818d-eeee0a9896c2.bookscapm-db-deployer#flowable-async-job-executor-thread-12042#
[PollExecuteTaskStatusExecution] eed2b67a-83f4-424b-8876-9856be729ff6 [2026-08-18T11:46:39.445391] ] (STDOUT, APP/TASK/deploy)#
#2026 08 18 11:46:41.154#Z#DEBUG#3e4f6cdc-9afa-11f1-818d-eeee0a9896c2.bookscapm-db-deployer#flowable-async-job-executor-thread-12042#
[PollExecuteTaskStatusExecution] eed2b67a-83f4-424b-8876-9856be729ff6 [2026-08-18T11:46:39.445397] modified files: [] (STDOUT, APP/TASK/deploy)#
#2026 08 18 11:46:41.154#Z#DEBUG#3e4f6cdc-9afa-11f1-818d-eeee0a9896c2.bookscapm-db-deployer#flowable-async-job-executor-thread-12042#
[PollExecuteTaskStatusExecution] eed2b67a-83f4-424b-8876-9856be729ff6 [2026-08-18T11:46:39.445399] deleted files: [] (STDOUT, APP/TASK/deploy)#
#2026 08 18 11:46:41.154#Z#DEBUG#3e4f6cdc-9afa-11f1-818d-eeee0a9896c2.bookscapm-db-deployer#flowable-async-job-executor-thread-12042#
[PollExecuteTaskStatusExecution] eed2b67a-83f4-424b-8876-9856be729ff6 [2026-08-18T11:46:39.445415] 8 modified or added files are scheduled for deploy based on delta detection (STDOUT, APP/TASK/deploy)#
#2026 08 18 11:46:41.154#Z#DEBUG#3e4f6cdc-9afa-11f1-818d-eeee0a9896c2.bookscapm-db-deployer#flowable-async-job-executor-thread-12042#
[PollExecuteTaskStatusExecution] eed2b67a-83f4-424b-8876-9856be729ff6 [2026-08-18T11:46:39.445649] 0 deleted files are scheduled for undeploy based on delta detection (filtered by undeploy allowlist) (STDOUT, APP/TASK/deploy)#
#2026 08 18 11:46:41.154#Z#DEBUG#3e4f6cdc-9afa-11f1-818d-eeee0a9896c2.bookscapm-db-deployer#flowable-async-job-executor-thread-12042#
[PollExecuteTaskStatusExecution] eed2b67a-83f4-424b-8876-9856be729ff6 [2026-08-18T11:46:39.445790] 0 files are scheduled for deploy based on explicit specification (STDOUT, APP/TASK/deploy)#
#2026 08 18 11:46:41.154#Z#DEBUG#3e4f6cdc-9afa-11f1-818d-eeee0a9896c2.bookscapm-db-deployer#flowable-async-job-executor-thread-12042#
[PollExecuteTaskStatusExecution] eed2b67a-83f4-424b-8876-9856be729ff6 [2026-08-18T11:46:39.445817] 0 files are scheduled for undeploy based on explicit specification (STDOUT, APP/TASK/deploy)#
#2026 08 18 11:46:41.154#Z#DEBUG#3e4f6cdc-9afa-11f1-818d-eeee0a9896c2.bookscapm-db-deployer#flowable-async-job-executor-thread-12042#
[PollExecuteTaskStatusExecution] eed2b67a-83f4-424b-8876-9856be729ff6 [2026-08-18T11:46:39.445951] Deploying to the container "A73E289B4D5D4307AA998E0AFB8BB7E9"... (STDOUT, APP/TASK/deploy)#
#2026 08 18 11:46:41.154#Z#DEBUG#3e4f6cdc-9afa-11f1-818d-eeee0a9896c2.bookscapm-db-deployer#flowable-async-job-executor-thread-12042#
[PollExecuteTaskStatusExecution] eed2b67a-83f4-424b-8876-9856be729ff6 [2026-08-18T11:46:40.053829] Polling messages for request id: 14 (STDOUT, APP/TASK/deploy)#
#2026 08 18 11:46:41.154#Z#DEBUG#3e4f6cdc-9afa-11f1-818d-eeee0a9896c2.bookscapm-db-deployer#flowable-async-job-executor-thread-12042#
[PollExecuteTaskStatusExecution] eed2b67a-83f4-424b-8876-9856be729ff6 [2026-08-18T11:46:40.094897] Starting make in the container "A73E289B4D5D4307AA998E0AFB8BB7E9" with 8 files to deploy, 0 files to undeploy... (STDOUT, APP/TASK/deploy)#
#2026 08 18 11:46:41.154#Z#DEBUG#3e4f6cdc-9afa-11f1-818d-eeee0a9896c2.bookscapm-db-deployer#flowable-async-job-executor-thread-12042#
[PollExecuteTaskStatusExecution] eed2b67a-83f4-424b-8876-9856be729ff6 [2026-08-18T11:46:40.094989] Disabling table replication for the container schema "A73E289B4D5D4307AA998E0AFB8BB7E9"... (STDOUT, APP/TASK/deploy)#
#2026 08 18 11:46:41.154#Z#DEBUG#3e4f6cdc-9afa-11f1-818d-eeee0a9896c2.bookscapm-db-deployer#flowable-async-job-executor-thread-12042#
[PollExecuteTaskStatusExecution] eed2b67a-83f4-424b-8876-9856be729ff6 [2026-08-18T11:46:40.095040] Disabling table replication for the container schema "A73E289B4D5D4307AA998E0AFB8BB7E9"... ok (0s 23ms) (STDOUT, APP/TASK/deploy)#
#2026 08 18 11:46:41.154#Z#DEBUG#3e4f6cdc-9afa-11f1-818d-eeee0a9896c2.bookscapm-db-deployer#flowable-async-job-executor-thread-12042#
[PollExecuteTaskStatusExecution] eed2b67a-83f4-424b-8876-9856be729ff6 [2026-08-18T11:46:40.095093] Migrating libraries... (STDOUT, APP/TASK/deploy)#
#2026 08 18 11:46:41.154#Z#DEBUG#3e4f6cdc-9afa-11f1-818d-eeee0a9896c2.bookscapm-db-deployer#flowable-async-job-executor-thread-12042#
[PollExecuteTaskStatusExecution] eed2b67a-83f4-424b-8876-9856be729ff6 [2026-08-18T11:46:40.095138] Migrating libraries... ok (0s 23ms) (STDOUT, APP/TASK/deploy)#
#2026 08 18 11:46:41.154#Z#DEBUG#3e4f6cdc-9afa-11f1-818d-eeee0a9896c2.bookscapm-db-deployer#flowable-async-job-executor-thread-12042#
[PollExecuteTaskStatusExecution] eed2b67a-83f4-424b-8876-9856be729ff6 [2026-08-18T11:46:40.095184] Making... (STDOUT, APP/TASK/deploy)#
#2026 08 18 11:46:41.154#Z#DEBUG#3e4f6cdc-9afa-11f1-818d-eeee0a9896c2.bookscapm-db-deployer#flowable-async-job-executor-thread-12042#
[PollExecuteTaskStatusExecution] eed2b67a-83f4-424b-8876-9856be729ff6 [2026-08-18T11:46:40.095221] Preparing... (STDOUT, APP/TASK/deploy)#
#2026 08 18 11:46:41.154#Z#DEBUG#3e4f6cdc-9afa-11f1-818d-eeee0a9896c2.bookscapm-db-deployer#flowable-async-job-executor-thread-12042#
[PollExecuteTaskStatusExecution] eed2b67a-83f4-424b-8876-9856be729ff6 [2026-08-18T11:46:40.095290] Preparing the make transaction... (STDOUT, APP/TASK/deploy)#
#2026 08 18 11:46:51.645#Z#DEBUG#3e4f6cdc-9afa-11f1-818d-eeee0a9896c2.bookscapm-db-deployer#flowable-async-job-executor-thread-12035#
[PollExecuteTaskStatusExecution] eed2b67a-83f4-424b-8876-9856be729ff6 [2026-08-18T11:46:41.106937] Preparing the make transaction... ok (0s 612ms) (STDOUT, APP/TASK/deploy)#
#2026 08 18 11:46:51.645#Z#DEBUG#3e4f6cdc-9afa-11f1-818d-eeee0a9896c2.bookscapm-db-deployer#flowable-async-job-executor-thread-12035#
[PollExecuteTaskStatusExecution] eed2b67a-83f4-424b-8876-9856be729ff6 [2026-08-18T11:46:41.107018] Deploying the configuration file "src/gen/.hdiconfig"... (STDOUT, APP/TASK/deploy)#
#2026 08 18 11:46:51.645#Z#DEBUG#3e4f6cdc-9afa-11f1-818d-eeee0a9896c2.bookscapm-db-deployer#flowable-async-job-executor-thread-12035#
[PollExecuteTaskStatusExecution] eed2b67a-83f4-424b-8876-9856be729ff6 [2026-08-18T11:46:41.107100] Deploying the configuration file "src/gen/.hdiconfig"... ok (0s 44ms) (STDOUT, APP/TASK/deploy)#
#2026 08 18 11:46:51.645#Z#DEBUG#3e4f6cdc-9afa-11f1-818d-eeee0a9896c2.bookscapm-db-deployer#flowable-async-job-executor-thread-12035#
[PollExecuteTaskStatusExecution] eed2b67a-83f4-424b-8876-9856be729ff6 [2026-08-18T11:46:41.107109] Deploying the namespace file "src/gen/.hdinamespace"... (STDOUT, APP/TASK/deploy)#
#2026 08 18 11:46:51.645#Z#DEBUG#3e4f6cdc-9afa-11f1-818d-eeee0a9896c2.bookscapm-db-deployer#flowable-async-job-executor-thread-12035#
[PollExecuteTaskStatusExecution] eed2b67a-83f4-424b-8876-9856be729ff6 [2026-08-18T11:46:41.107164] Deploying the namespace file "src/gen/.hdinamespace"... ok (0s 25ms) (STDOUT, APP/TASK/deploy)#
#2026 08 18 11:46:51.645#Z#DEBUG#3e4f6cdc-9afa-11f1-818d-eeee0a9896c2.bookscapm-db-deployer#flowable-async-job-executor-thread-12035#
[PollExecuteTaskStatusExecution] eed2b67a-83f4-424b-8876-9856be729ff6 [2026-08-18T11:46:41.107221] Adding "src/gen/BooksSrv.BooksSet.hdbview" for deploy... (STDOUT, APP/TASK/deploy)#
#2026 08 18 11:46:51.645#Z#DEBUG#3e4f6cdc-9afa-11f1-818d-eeee0a9896c2.bookscapm-db-deployer#flowable-async-job-executor-thread-12035#
[PollExecuteTaskStatusExecution] eed2b67a-83f4-424b-8876-9856be729ff6 [2026-08-18T11:46:41.107273] Adding "src/gen/BooksSrv.BooksSet.hdbview" for deploy... ok (0s 30ms) (STDOUT, APP/TASK/deploy)#
#2026 08 18 11:46:51.645#Z#DEBUG#3e4f6cdc-9afa-11f1-818d-eeee0a9896c2.bookscapm-db-deployer#flowable-async-job-executor-thread-12035#
[PollExecuteTaskStatusExecution] eed2b67a-83f4-424b-8876-9856be729ff6 [2026-08-18T11:46:41.107349] Adding "src/gen/cds.outbox.Messages.hdbtable" for deploy... (STDOUT, APP/TASK/deploy)#
#2026 08 18 11:46:51.645#Z#DEBUG#3e4f6cdc-9afa-11f1-818d-eeee0a9896c2.bookscapm-db-deployer#flowable-async-job-executor-thread-12035#
[PollExecuteTaskStatusExecution] eed2b67a-83f4-424b-8876-9856be729ff6 [2026-08-18T11:46:41.107420] Adding "src/gen/cds.outbox.Messages.hdbtable" for deploy... ok (0s 0ms) (STDOUT, APP/TASK/deploy)#
#2026 08 18 11:46:51.645#Z#DEBUG#3e4f6cdc-9afa-11f1-818d-eeee0a9896c2.bookscapm-db-deployer#flowable-async-job-executor-thread-12035#
[PollExecuteTaskStatusExecution] eed2b67a-83f4-424b-8876-9856be729ff6 [2026-08-18T11:46:41.107438] Adding "src/gen/data/db-books.Books.csv" for deploy... (STDOUT, APP/TASK/deploy)#
#2026 08 18 11:46:51.645#Z#DEBUG#3e4f6cdc-9afa-11f1-818d-eeee0a9896c2.bookscapm-db-deployer#flowable-async-job-executor-thread-12035#
[PollExecuteTaskStatusExecution] eed2b67a-83f4-424b-8876-9856be729ff6 [2026-08-18T11:46:41.107443] Adding "src/gen/data/db-books.Books.csv" for deploy... ok (0s 41ms) (STDOUT, APP/TASK/deploy)#
#2026 08 18 11:46:51.645#Z#DEBUG#3e4f6cdc-9afa-11f1-818d-eeee0a9896c2.bookscapm-db-deployer#flowable-async-job-executor-thread-12035#
[PollExecuteTaskStatusExecution] eed2b67a-83f4-424b-8876-9856be729ff6 [2026-08-18T11:46:41.107447] Adding "src/gen/data/db-books.Books.hdbtabledata" for deploy... (STDOUT, APP/TASK/deploy)#
#2026 08 18 11:46:51.645#Z#DEBUG#3e4f6cdc-9afa-11f1-818d-eeee0a9896c2.bookscapm-db-deployer#flowable-async-job-executor-thread-12035#
[PollExecuteTaskStatusExecution] eed2b67a-83f4-424b-8876-9856be729ff6 [2026-08-18T11:46:41.107449] Adding "src/gen/data/db-books.Books.hdbtabledata" for deploy... ok (0s 0ms) (STDOUT, APP/TASK/deploy)#
#2026 08 18 11:46:51.645#Z#DEBUG#3e4f6cdc-9afa-11f1-818d-eeee0a9896c2.bookscapm-db-deployer#flowable-async-job-executor-thread-12035#
[PollExecuteTaskStatusExecution] eed2b67a-83f4-424b-8876-9856be729ff6 [2026-08-18T11:46:41.107453] Adding "src/gen/db.books.Books.hdbtable" for deploy... (STDOUT, APP/TASK/deploy)#
#2026 08 18 11:46:51.645#Z#DEBUG#3e4f6cdc-9afa-11f1-818d-eeee0a9896c2.bookscapm-db-deployer#flowable-async-job-executor-thread-12035#
[PollExecuteTaskStatusExecution] eed2b67a-83f4-424b-8876-9856be729ff6 [2026-08-18T11:46:41.107457] Adding "src/gen/db.books.Books.hdbtable" for deploy... ok (0s 0ms) (STDOUT, APP/TASK/deploy)#
#2026 08 18 11:46:51.645#Z#DEBUG#3e4f6cdc-9afa-11f1-818d-eeee0a9896c2.bookscapm-db-deployer#flowable-async-job-executor-thread-12035#
[PollExecuteTaskStatusExecution] eed2b67a-83f4-424b-8876-9856be729ff6 [2026-08-18T11:46:41.107465] Adding "src/gen/db.books.Library.hdbtable" for deploy... (STDOUT, APP/TASK/deploy)#
#2026 08 18 11:46:51.645#Z#DEBUG#3e4f6cdc-9afa-11f1-818d-eeee0a9896c2.bookscapm-db-deployer#flowable-async-job-executor-thread-12035#
[PollExecuteTaskStatusExecution] eed2b67a-83f4-424b-8876-9856be729ff6 [2026-08-18T11:46:41.107488] Adding "src/gen/db.books.Library.hdbtable" for deploy... ok (0s 0ms) (STDOUT, APP/TASK/deploy)#
#2026 08 18 11:46:51.645#Z#DEBUG#3e4f6cdc-9afa-11f1-818d-eeee0a9896c2.bookscapm-db-deployer#flowable-async-job-executor-thread-12035#
[PollExecuteTaskStatusExecution] eed2b67a-83f4-424b-8876-9856be729ff6 [2026-08-18T11:46:41.107491] Preparing... ok (0s 825ms) (STDOUT, APP/TASK/deploy)#
#2026 08 18 11:46:51.645#Z#DEBUG#3e4f6cdc-9afa-11f1-818d-eeee0a9896c2.bookscapm-db-deployer#flowable-async-job-executor-thread-12035#
[PollExecuteTaskStatusExecution] eed2b67a-83f4-424b-8876-9856be729ff6 [2026-08-18T11:46:41.107493] Calculating dependencies... (STDOUT, APP/TASK/deploy)#
#2026 08 18 11:46:51.645#Z#DEBUG#3e4f6cdc-9afa-11f1-818d-eeee0a9896c2.bookscapm-db-deployer#flowable-async-job-executor-thread-12035#
[PollExecuteTaskStatusExecution] eed2b67a-83f4-424b-8876-9856be729ff6 [2026-08-18T11:46:41.107497] Expanding... (STDOUT, APP/TASK/deploy)#
#2026 08 18 11:46:51.645#Z#DEBUG#3e4f6cdc-9afa-11f1-818d-eeee0a9896c2.bookscapm-db-deployer#flowable-async-job-executor-thread-12035#
[PollExecuteTaskStatusExecution] eed2b67a-83f4-424b-8876-9856be729ff6 [2026-08-18T11:46:41.107500] Expanding "src/gen/cds.outbox.Messages.hdbtable"... (STDOUT, APP/TASK/deploy)#
#2026 08 18 11:46:51.645#Z#DEBUG#3e4f6cdc-9afa-11f1-818d-eeee0a9896c2.bookscapm-db-deployer#flowable-async-job-executor-thread-12035#
[PollExecuteTaskStatusExecution] eed2b67a-83f4-424b-8876-9856be729ff6 [2026-08-18T11:46:41.107506] Expanding "src/gen/BooksSrv.BooksSet.hdbview"... (STDOUT, APP/TASK/deploy)#
#2026 08 18 11:46:51.645#Z#DEBUG#3e4f6cdc-9afa-11f1-818d-eeee0a9896c2.bookscapm-db-deployer#flowable-async-job-executor-thread-12035#
[PollExecuteTaskStatusExecution] eed2b67a-83f4-424b-8876-9856be729ff6 [2026-08-18T11:46:41.107508] Expanding "src/gen/data/db-books.Books.hdbtabledata"... (STDOUT, APP/TASK/deploy)#
#2026 08 18 11:46:51.645#Z#DEBUG#3e4f6cdc-9afa-11f1-818d-eeee0a9896c2.bookscapm-db-deployer#flowable-async-job-executor-thread-12035#
[PollExecuteTaskStatusExecution] eed2b67a-83f4-424b-8876-9856be729ff6 [2026-08-18T11:46:41.107510] Expanding "src/gen/db.books.Books.hdbtable"... (STDOUT, APP/TASK/deploy)#
#2026 08 18 11:46:51.645#Z#DEBUG#3e4f6cdc-9afa-11f1-818d-eeee0a9896c2.bookscapm-db-deployer#flowable-async-job-executor-thread-12035#
[PollExecuteTaskStatusExecution] eed2b67a-83f4-424b-8876-9856be729ff6 [2026-08-18T11:46:41.107524] Expanding "src/gen/data/db-books.Books.hdbtabledata"... ok (0s 5ms) (STDOUT, APP/TASK/deploy)#
#2026 08 18 11:46:51.645#Z#DEBUG#3e4f6cdc-9afa-11f1-818d-eeee0a9896c2.bookscapm-db-deployer#flowable-async-job-executor-thread-12035#
[PollExecuteTaskStatusExecution] eed2b67a-83f4-424b-8876-9856be729ff6 [2026-08-18T11:46:41.107527] Expanding "src/gen/db.books.Library.hdbtable"... (STDOUT, APP/TASK/deploy)#
#2026 08 18 11:46:51.645#Z#DEBUG#3e4f6cdc-9afa-11f1-818d-eeee0a9896c2.bookscapm-db-deployer#flowable-async-job-executor-thread-12035#
[PollExecuteTaskStatusExecution] eed2b67a-83f4-424b-8876-9856be729ff6 [2026-08-18T11:46:41.107585] Expanding "src/gen/BooksSrv.BooksSet.hdbview"... ok (0s 16ms) (STDOUT, APP/TASK/deploy)#
#2026 08 18 11:46:51.645#Z#DEBUG#3e4f6cdc-9afa-11f1-818d-eeee0a9896c2.bookscapm-db-deployer#flowable-async-job-executor-thread-12035#
[PollExecuteTaskStatusExecution] eed2b67a-83f4-424b-8876-9856be729ff6 [2026-08-18T11:46:41.107724] Expanding "src/gen/db.books.Books.hdbtable"... ok (0s 17ms) (STDOUT, APP/TASK/deploy)#
#2026 08 18 11:46:51.645#Z#DEBUG#3e4f6cdc-9afa-11f1-818d-eeee0a9896c2.bookscapm-db-deployer#flowable-async-job-executor-thread-12035#
[PollExecuteTaskStatusExecution] eed2b67a-83f4-424b-8876-9856be729ff6 [2026-08-18T11:46:41.107774] Expanding "src/gen/cds.outbox.Messages.hdbtable"... ok (0s 18ms) (STDOUT, APP/TASK/deploy)#
#2026 08 18 11:46:51.645#Z#DEBUG#3e4f6cdc-9afa-11f1-818d-eeee0a9896c2.bookscapm-db-deployer#flowable-async-job-executor-thread-12035#
[PollExecuteTaskStatusExecution] eed2b67a-83f4-424b-8876-9856be729ff6 [2026-08-18T11:46:41.107777] Expanding "src/gen/db.books.Library.hdbtable"... ok (0s 12ms) (STDOUT, APP/TASK/deploy)#
#2026 08 18 11:46:51.645#Z#DEBUG#3e4f6cdc-9afa-11f1-818d-eeee0a9896c2.bookscapm-db-deployer#flowable-async-job-executor-thread-12035#
[PollExecuteTaskStatusExecution] eed2b67a-83f4-424b-8876-9856be729ff6 [2026-08-18T11:46:41.107782] Expanding... ok (0s 63ms) (STDOUT, APP/TASK/deploy)#
#2026 08 18 11:46:51.645#Z#DEBUG#3e4f6cdc-9afa-11f1-818d-eeee0a9896c2.bookscapm-db-deployer#flowable-async-job-executor-thread-12035#
[PollExecuteTaskStatusExecution] eed2b67a-83f4-424b-8876-9856be729ff6 [2026-08-18T11:46:41.107785] Precompiling... (STDOUT, APP/TASK/deploy)#
#2026 08 18 11:46:51.645#Z#DEBUG#3e4f6cdc-9afa-11f1-818d-eeee0a9896c2.bookscapm-db-deployer#flowable-async-job-executor-thread-12035#
[PollExecuteTaskStatusExecution] eed2b67a-83f4-424b-8876-9856be729ff6 [2026-08-18T11:46:41.107794] Precompiling "src/gen/BooksSrv.BooksSet.hdbview"... (STDOUT, APP/TASK/deploy)#
#2026 08 18 11:46:51.645#Z#DEBUG#3e4f6cdc-9afa-11f1-818d-eeee0a9896c2.bookscapm-db-deployer#flowable-async-job-executor-thread-12035#
[PollExecuteTaskStatusExecution] eed2b67a-83f4-424b-8876-9856be729ff6 [2026-08-18T11:46:41.107842] Precompiling "src/gen/cds.outbox.Messages.hdbtable"... (STDOUT, APP/TASK/deploy)#
#2026 08 18 11:46:51.645#Z#DEBUG#3e4f6cdc-9afa-11f1-818d-eeee0a9896c2.bookscapm-db-deployer#flowable-async-job-executor-thread-12035#
[PollExecuteTaskStatusExecution] eed2b67a-83f4-424b-8876-9856be729ff6 [2026-08-18T11:46:41.107845] Precompiling "src/gen/data/db-books.Books.csv"... (STDOUT, APP/TASK/deploy)#
#2026 08 18 11:46:51.645#Z#DEBUG#3e4f6cdc-9afa-11f1-818d-eeee0a9896c2.bookscapm-db-deployer#flowable-async-job-executor-thread-12035#
[PollExecuteTaskStatusExecution] eed2b67a-83f4-424b-8876-9856be729ff6 [2026-08-18T11:46:41.107848] Precompiling "src/gen/data/db-books.Books.hdbtabledata"... (STDOUT, APP/TASK/deploy)#
#2026 08 18 11:46:51.645#Z#DEBUG#3e4f6cdc-9afa-11f1-818d-eeee0a9896c2.bookscapm-db-deployer#flowable-async-job-executor-thread-12035#
[PollExecuteTaskStatusExecution] eed2b67a-83f4-424b-8876-9856be729ff6 [2026-08-18T11:46:41.107862] Precompiling "src/gen/data/db-books.Books.hdbtabledata"... ok (0s 0ms) (STDOUT, APP/TASK/deploy)#
#2026 08 18 11:46:51.645#Z#DEBUG#3e4f6cdc-9afa-11f1-818d-eeee0a9896c2.bookscapm-db-deployer#flowable-async-job-executor-thread-12035#
[PollExecuteTaskStatusExecution] eed2b67a-83f4-424b-8876-9856be729ff6 [2026-08-18T11:46:41.107878] Precompiling "src/gen/data/db-books.Books.hdbtabledata$0.expand"... (STDOUT, APP/TASK/deploy)#
#2026 08 18 11:46:51.645#Z#DEBUG#3e4f6cdc-9afa-11f1-818d-eeee0a9896c2.bookscapm-db-deployer#flowable-async-job-executor-thread-12035#
[PollExecuteTaskStatusExecution] eed2b67a-83f4-424b-8876-9856be729ff6 [2026-08-18T11:46:41.107882] Expanded from "src/gen/data/db-books.Books.hdbtabledata" (STDOUT, APP/TASK/deploy)#
#2026 08 18 11:46:51.645#Z#DEBUG#3e4f6cdc-9afa-11f1-818d-eeee0a9896c2.bookscapm-db-deployer#flowable-async-job-executor-thread-12035#
[PollExecuteTaskStatusExecution] eed2b67a-83f4-424b-8876-9856be729ff6 [2026-08-18T11:46:41.107938] Precompiling "src/gen/data/db-books.Books.csv"... ok (0s 3ms) (STDOUT, APP/TASK/deploy)#
#2026 08 18 11:46:51.645#Z#DEBUG#3e4f6cdc-9afa-11f1-818d-eeee0a9896c2.bookscapm-db-deployer#flowable-async-job-executor-thread-12035#
[PollExecuteTaskStatusExecution] eed2b67a-83f4-424b-8876-9856be729ff6 [2026-08-18T11:46:41.107953] Precompiling "src/gen/data/db-books.Books.hdbtabledata$0.expand"... ok (0s 2ms) (STDOUT, APP/TASK/deploy)#
#2026 08 18 11:46:51.645#Z#DEBUG#3e4f6cdc-9afa-11f1-818d-eeee0a9896c2.bookscapm-db-deployer#flowable-async-job-executor-thread-12035#
[PollExecuteTaskStatusExecution] eed2b67a-83f4-424b-8876-9856be729ff6 [2026-08-18T11:46:41.107956] Precompiling "src/gen/db.books.Books.hdbtable"... (STDOUT, APP/TASK/deploy)#
#2026 08 18 11:46:51.645#Z#DEBUG#3e4f6cdc-9afa-11f1-818d-eeee0a9896c2.bookscapm-db-deployer#flowable-async-job-executor-thread-12035#
[PollExecuteTaskStatusExecution] eed2b67a-83f4-424b-8876-9856be729ff6 [2026-08-18T11:46:41.107958] Precompiling "src/gen/db.books.Library.hdbtable"... (STDOUT, APP/TASK/deploy)#
#2026 08 18 11:46:51.645#Z#DEBUG#3e4f6cdc-9afa-11f1-818d-eeee0a9896c2.bookscapm-db-deployer#flowable-async-job-executor-thread-12035#
[PollExecuteTaskStatusExecution] eed2b67a-83f4-424b-8876-9856be729ff6 [2026-08-18T11:46:41.107960] Precompiling "src/gen/BooksSrv.BooksSet.hdbview"... ok (0s 11ms) (STDOUT, APP/TASK/deploy)#
#2026 08 18 11:46:51.645#Z#DEBUG#3e4f6cdc-9afa-11f1-818d-eeee0a9896c2.bookscapm-db-deployer#flowable-async-job-executor-thread-12035#
[PollExecuteTaskStatusExecution] eed2b67a-83f4-424b-8876-9856be729ff6 [2026-08-18T11:46:41.107964] Precompiling "src/gen/cds.outbox.Messages.hdbtable"... ok (0s 12ms) (STDOUT, APP/TASK/deploy)#
#2026 08 18 11:46:51.645#Z#DEBUG#3e4f6cdc-9afa-11f1-818d-eeee0a9896c2.bookscapm-db-deployer#flowable-async-job-executor-thread-12035#
[PollExecuteTaskStatusExecution] eed2b67a-83f4-424b-8876-9856be729ff6 [2026-08-18T11:46:41.107980] Precompiling "src/gen/db.books.Books.hdbtable"... ok (0s 10ms) (STDOUT, APP/TASK/deploy)#
#2026 08 18 11:46:51.645#Z#DEBUG#3e4f6cdc-9afa-11f1-818d-eeee0a9896c2.bookscapm-db-deployer#flowable-async-job-executor-thread-12035#
[PollExecuteTaskStatusExecution] eed2b67a-83f4-424b-8876-9856be729ff6 [2026-08-18T11:46:41.107987] Precompiling "src/gen/db.books.Library.hdbtable"... ok (0s 11ms) (STDOUT, APP/TASK/deploy)#
#2026 08 18 11:46:51.645#Z#DEBUG#3e4f6cdc-9afa-11f1-818d-eeee0a9896c2.bookscapm-db-deployer#flowable-async-job-executor-thread-12035#
[PollExecuteTaskStatusExecution] eed2b67a-83f4-424b-8876-9856be729ff6 [2026-08-18T11:46:41.108057] Precompiling... ok (0s 35ms) (STDOUT, APP/TASK/deploy)#
#2026 08 18 11:46:51.645#Z#DEBUG#3e4f6cdc-9afa-11f1-818d-eeee0a9896c2.bookscapm-db-deployer#flowable-async-job-executor-thread-12035#
[PollExecuteTaskStatusExecution] eed2b67a-83f4-424b-8876-9856be729ff6 [2026-08-18T11:46:41.108117] Merging... (STDOUT, APP/TASK/deploy)#
#2026 08 18 11:46:51.645#Z#DEBUG#3e4f6cdc-9afa-11f1-818d-eeee0a9896c2.bookscapm-db-deployer#flowable-async-job-executor-thread-12035#
[PollExecuteTaskStatusExecution] eed2b67a-83f4-424b-8876-9856be729ff6 [2026-08-18T11:46:41.108132] Merging... ok (0s 20ms) (STDOUT, APP/TASK/deploy)#
#2026 08 18 11:46:51.645#Z#DEBUG#3e4f6cdc-9afa-11f1-818d-eeee0a9896c2.bookscapm-db-deployer#flowable-async-job-executor-thread-12035#
[PollExecuteTaskStatusExecution] eed2b67a-83f4-424b-8876-9856be729ff6 [2026-08-18T11:46:41.108135] Calculating dependencies... ok (0s 118ms) (STDOUT, APP/TASK/deploy)#
#2026 08 18 11:46:51.645#Z#DEBUG#3e4f6cdc-9afa-11f1-818d-eeee0a9896c2.bookscapm-db-deployer#flowable-async-job-executor-thread-12035#
[PollExecuteTaskStatusExecution] eed2b67a-83f4-424b-8876-9856be729ff6 [2026-08-18T11:46:41.108137] Processing work list... (STDOUT, APP/TASK/deploy)#
#2026 08 18 11:46:51.645#Z#DEBUG#3e4f6cdc-9afa-11f1-818d-eeee0a9896c2.bookscapm-db-deployer#flowable-async-job-executor-thread-12035#
[PollExecuteTaskStatusExecution] eed2b67a-83f4-424b-8876-9856be729ff6 [2026-08-18T11:46:41.108140] Deploying "src/gen/cds.outbox.Messages.hdbtable"... (STDOUT, APP/TASK/deploy)#
#2026 08 18 11:46:51.645#Z#DEBUG#3e4f6cdc-9afa-11f1-818d-eeee0a9896c2.bookscapm-db-deployer#flowable-async-job-executor-thread-12035#
[PollExecuteTaskStatusExecution] eed2b67a-83f4-424b-8876-9856be729ff6 [2026-08-18T11:46:41.108142] Deploying "src/gen/data/db-books.Books.csv"... (STDOUT, APP/TASK/deploy)#
#2026 08 18 11:46:51.645#Z#DEBUG#3e4f6cdc-9afa-11f1-818d-eeee0a9896c2.bookscapm-db-deployer#flowable-async-job-executor-thread-12035#
[PollExecuteTaskStatusExecution] eed2b67a-83f4-424b-8876-9856be729ff6 [2026-08-18T11:46:41.108144] Deploying "src/gen/data/db-books.Books.hdbtabledata"... (STDOUT, APP/TASK/deploy)#
#2026 08 18 11:46:51.645#Z#DEBUG#3e4f6cdc-9afa-11f1-818d-eeee0a9896c2.bookscapm-db-deployer#flowable-async-job-executor-thread-12035#
[PollExecuteTaskStatusExecution] eed2b67a-83f4-424b-8876-9856be729ff6 [2026-08-18T11:46:41.108147] Deploying "src/gen/data/db-books.Books.hdbtabledata"... ok (0s 1ms) (STDOUT, APP/TASK/deploy)#
#2026 08 18 11:46:51.645#Z#DEBUG#3e4f6cdc-9afa-11f1-818d-eeee0a9896c2.bookscapm-db-deployer#flowable-async-job-executor-thread-12035#
[PollExecuteTaskStatusExecution] eed2b67a-83f4-424b-8876-9856be729ff6 [2026-08-18T11:46:41.108149] Deploying "src/gen/db.books.Books.hdbtable"... (STDOUT, APP/TASK/deploy)#
#2026 08 18 11:46:51.645#Z#DEBUG#3e4f6cdc-9afa-11f1-818d-eeee0a9896c2.bookscapm-db-deployer#flowable-async-job-executor-thread-12035#
[PollExecuteTaskStatusExecution] eed2b67a-83f4-424b-8876-9856be729ff6 [2026-08-18T11:46:41.108221] Deploying "src/gen/data/db-books.Books.csv"... ok (0s 167ms) (STDOUT, APP/TASK/deploy)#
#2026 08 18 11:46:51.645#Z#DEBUG#3e4f6cdc-9afa-11f1-818d-eeee0a9896c2.bookscapm-db-deployer#flowable-async-job-executor-thread-12035#
[PollExecuteTaskStatusExecution] eed2b67a-83f4-424b-8876-9856be729ff6 [2026-08-18T11:46:41.108238] Deploying "src/gen/db.books.Library.hdbtable"... (STDOUT, APP/TASK/deploy)#
#2026 08 18 11:46:51.645#Z#DEBUG#3e4f6cdc-9afa-11f1-818d-eeee0a9896c2.bookscapm-db-deployer#flowable-async-job-executor-thread-12035#
[PollExecuteTaskStatusExecution] eed2b67a-83f4-424b-8876-9856be729ff6 [2026-08-18T11:46:41.108241] Deploying "src/gen/cds.outbox.Messages.hdbtable"... ok (0s 180ms) (STDOUT, APP/TASK/deploy)#
#2026 08 18 11:46:51.645#Z#DEBUG#3e4f6cdc-9afa-11f1-818d-eeee0a9896c2.bookscapm-db-deployer#flowable-async-job-executor-thread-12035#
[PollExecuteTaskStatusExecution] eed2b67a-83f4-424b-8876-9856be729ff6 [2026-08-18T11:46:41.108244] Deploying "src/gen/db.books.Books.hdbtable"... ok (0s 187ms) (STDOUT, APP/TASK/deploy)#
#2026 08 18 11:46:51.645#Z#DEBUG#3e4f6cdc-9afa-11f1-818d-eeee0a9896c2.bookscapm-db-deployer#flowable-async-job-executor-thread-12035#
[PollExecuteTaskStatusExecution] eed2b67a-83f4-424b-8876-9856be729ff6 [2026-08-18T11:46:41.108246] Deploying "src/gen/data/db-books.Books.hdbtabledata$0.expand"... (STDOUT, APP/TASK/deploy)#
#2026 08 18 11:46:51.645#Z#DEBUG#3e4f6cdc-9afa-11f1-818d-eeee0a9896c2.bookscapm-db-deployer#flowable-async-job-executor-thread-12035#
[PollExecuteTaskStatusExecution] eed2b67a-83f4-424b-8876-9856be729ff6 [2026-08-18T11:46:41.108249] Expanded from "src/gen/data/db-books.Books.hdbtabledata" (STDOUT, APP/TASK/deploy)#
#2026 08 18 11:46:51.645#Z#DEBUG#3e4f6cdc-9afa-11f1-818d-eeee0a9896c2.bookscapm-db-deployer#flowable-async-job-executor-thread-12035#
[PollExecuteTaskStatusExecution] eed2b67a-83f4-424b-8876-9856be729ff6 [2026-08-18T11:46:41.108261] Deploying "src/gen/db.books.Library.hdbtable"... ok (0s 21ms) (STDOUT, APP/TASK/deploy)#
#2026 08 18 11:46:51.645#Z#DEBUG#3e4f6cdc-9afa-11f1-818d-eeee0a9896c2.bookscapm-db-deployer#flowable-async-job-executor-thread-12035#
[PollExecuteTaskStatusExecution] eed2b67a-83f4-424b-8876-9856be729ff6 [2026-08-18T11:46:41.687242] Inserted 5 records of the data source file "db-books.Books.csv" into the target table "DB_BOOKS_BOOKS" (STDOUT, APP/TASK/deploy)#
#2026 08 18 11:46:51.645#Z#DEBUG#3e4f6cdc-9afa-11f1-818d-eeee0a9896c2.bookscapm-db-deployer#flowable-async-job-executor-thread-12035#
[PollExecuteTaskStatusExecution] eed2b67a-83f4-424b-8876-9856be729ff6 [2026-08-18T11:46:41.687399] Deploying "src/gen/data/db-books.Books.hdbtabledata$0.expand"... ok (0s 463ms) (STDOUT, APP/TASK/deploy)#
#2026 08 18 11:46:51.645#Z#DEBUG#3e4f6cdc-9afa-11f1-818d-eeee0a9896c2.bookscapm-db-deployer#flowable-async-job-executor-thread-12035#
[PollExecuteTaskStatusExecution] eed2b67a-83f4-424b-8876-9856be729ff6 [2026-08-18T11:46:41.687523] Deploying "src/gen/BooksSrv.BooksSet.hdbview"... (STDOUT, APP/TASK/deploy)#
#2026 08 18 11:46:51.645#Z#DEBUG#3e4f6cdc-9afa-11f1-818d-eeee0a9896c2.bookscapm-db-deployer#flowable-async-job-executor-thread-12035#
[PollExecuteTaskStatusExecution] eed2b67a-83f4-424b-8876-9856be729ff6 [2026-08-18T11:46:41.687558] Deploying "src/gen/BooksSrv.BooksSet.hdbview"... ok (0s 36ms) (STDOUT, APP/TASK/deploy)#
#2026 08 18 11:46:51.645#Z#DEBUG#3e4f6cdc-9afa-11f1-818d-eeee0a9896c2.bookscapm-db-deployer#flowable-async-job-executor-thread-12035#
[PollExecuteTaskStatusExecution] eed2b67a-83f4-424b-8876-9856be729ff6 [2026-08-18T11:46:41.687562] Processing work list... ok (0s 710ms) (STDOUT, APP/TASK/deploy)#
#2026 08 18 11:46:51.645#Z#DEBUG#3e4f6cdc-9afa-11f1-818d-eeee0a9896c2.bookscapm-db-deployer#flowable-async-job-executor-thread-12035#
[PollExecuteTaskStatusExecution] eed2b67a-83f4-424b-8876-9856be729ff6 [2026-08-18T11:46:41.687566] Finalizing... (STDOUT, APP/TASK/deploy)#
#2026 08 18 11:46:51.645#Z#DEBUG#3e4f6cdc-9afa-11f1-818d-eeee0a9896c2.bookscapm-db-deployer#flowable-async-job-executor-thread-12035#
[PollExecuteTaskStatusExecution] eed2b67a-83f4-424b-8876-9856be729ff6 [2026-08-18T11:46:41.687569] Finalizing... ok (0s 96ms) (STDOUT, APP/TASK/deploy)#
#2026 08 18 11:46:51.645#Z#DEBUG#3e4f6cdc-9afa-11f1-818d-eeee0a9896c2.bookscapm-db-deployer#flowable-async-job-executor-thread-12035#
[PollExecuteTaskStatusExecution] eed2b67a-83f4-424b-8876-9856be729ff6 [2026-08-18T11:46:41.687573] Make succeeded (0 warnings): 8 files deployed (effective 9), 0 files undeployed (effective 0), 0 dependent files redeployed (STDOUT, APP/TASK/deploy)#
#2026 08 18 11:46:51.645#Z#DEBUG#3e4f6cdc-9afa-11f1-818d-eeee0a9896c2.bookscapm-db-deployer#flowable-async-job-executor-thread-12035#
[PollExecuteTaskStatusExecution] eed2b67a-83f4-424b-8876-9856be729ff6 [2026-08-18T11:46:41.687584] Making... ok (1s 895ms) (STDOUT, APP/TASK/deploy)#
#2026 08 18 11:46:51.645#Z#DEBUG#3e4f6cdc-9afa-11f1-818d-eeee0a9896c2.bookscapm-db-deployer#flowable-async-job-executor-thread-12035#
[PollExecuteTaskStatusExecution] eed2b67a-83f4-424b-8876-9856be729ff6 [2026-08-18T11:46:41.687587] Enabling table replication for the container schema "A73E289B4D5D4307AA998E0AFB8BB7E9"... (STDOUT, APP/TASK/deploy)#
#2026 08 18 11:46:51.645#Z#DEBUG#3e4f6cdc-9afa-11f1-818d-eeee0a9896c2.bookscapm-db-deployer#flowable-async-job-executor-thread-12035#
[PollExecuteTaskStatusExecution] eed2b67a-83f4-424b-8876-9856be729ff6 [2026-08-18T11:46:41.687591] Enabling table replication for the container schema "A73E289B4D5D4307AA998E0AFB8BB7E9"... ok (0s 11ms) (STDOUT, APP/TASK/deploy)#
#2026 08 18 11:46:51.645#Z#DEBUG#3e4f6cdc-9afa-11f1-818d-eeee0a9896c2.bookscapm-db-deployer#flowable-async-job-executor-thread-12035#
[PollExecuteTaskStatusExecution] eed2b67a-83f4-424b-8876-9856be729ff6 [2026-08-18T11:46:41.687606] Starting make in the container "A73E289B4D5D4307AA998E0AFB8BB7E9" with 8 files to deploy, 0 files to undeploy... ok (1s 976ms) (STDOUT, APP/TASK/deploy)#
#2026 08 18 11:46:51.646#Z#DEBUG#3e4f6cdc-9afa-11f1-818d-eeee0a9896c2.bookscapm-db-deployer#flowable-async-job-executor-thread-12035#
[PollExecuteTaskStatusExecution] eed2b67a-83f4-424b-8876-9856be729ff6 [2026-08-18T11:46:41.687608] Deploying to the container "A73E289B4D5D4307AA998E0AFB8BB7E9"... ok (2s 241ms) (STDOUT, APP/TASK/deploy)#
#2026 08 18 11:46:51.646#Z#DEBUG#3e4f6cdc-9afa-11f1-818d-eeee0a9896c2.bookscapm-db-deployer#flowable-async-job-executor-thread-12035#
[PollExecuteTaskStatusExecution] eed2b67a-83f4-424b-8876-9856be729ff6 [2026-08-18T11:46:41.687689] No default-access-role handling needed; global role "A73E289B4D5D4307AA998E0AFB8BB7E9::access_role" will not be adapted (STDOUT, APP/TASK/deploy)#
#2026 08 18 11:46:51.646#Z#DEBUG#3e4f6cdc-9afa-11f1-818d-eeee0a9896c2.bookscapm-db-deployer#flowable-async-job-executor-thread-12035#
[PollExecuteTaskStatusExecution] eed2b67a-83f4-424b-8876-9856be729ff6 [2026-08-18T11:46:41.687734] Unlocking the container "A73E289B4D5D4307AA998E0AFB8BB7E9"... (STDOUT, APP/TASK/deploy)#
#2026 08 18 11:46:51.646#Z#DEBUG#3e4f6cdc-9afa-11f1-818d-eeee0a9896c2.bookscapm-db-deployer#flowable-async-job-executor-thread-12035#
[PollExecuteTaskStatusExecution] eed2b67a-83f4-424b-8876-9856be729ff6 [2026-08-18T11:46:41.688625] Unlocking the container "A73E289B4D5D4307AA998E0AFB8BB7E9"... ok (0s 1ms) (STDOUT, APP/TASK/deploy)#
#2026 08 18 11:46:51.646#Z#DEBUG#3e4f6cdc-9afa-11f1-818d-eeee0a9896c2.bookscapm-db-deployer#flowable-async-job-executor-thread-12035#
[PollExecuteTaskStatusExecution] eed2b67a-83f4-424b-8876-9856be729ff6 [2026-08-18T11:46:41.688659] Deployment to container A73E289B4D5D4307AA998E0AFB8BB7E9 done [Deployment ID: none]. (STDOUT, APP/TASK/deploy)#
#2026 08 18 11:46:51.646#Z#DEBUG#3e4f6cdc-9afa-11f1-818d-eeee0a9896c2.bookscapm-db-deployer#flowable-async-job-executor-thread-12035#
[PollExecuteTaskStatusExecution] eed2b67a-83f4-424b-8876-9856be729ff6 [2026-08-18T11:46:41.689242] Deployment ended at 2026-08-18 11:46:41 (STDOUT, APP/TASK/deploy)#
#2026 08 18 11:46:51.646#Z#DEBUG#3e4f6cdc-9afa-11f1-818d-eeee0a9896c2.bookscapm-db-deployer#flowable-async-job-executor-thread-12035#
[PollExecuteTaskStatusExecution] eed2b67a-83f4-424b-8876-9856be729ff6 [2026-08-18T11:46:41.689532] (4s 199ms) (STDOUT, APP/TASK/deploy)#
#2026 08 18 11:46:51.646#Z#DEBUG#3e4f6cdc-9afa-11f1-818d-eeee0a9896c2.bookscapm-db-deployer#flowable-async-job-executor-thread-12035#
[PollExecuteTaskStatusExecution] eed2b67a-83f4-424b-8876-9856be729ff6 [2026-08-18T11:46:41.707981] npm notice (STDERR, APP/TASK/deploy)#
#2026 08 18 11:46:51.646#Z#DEBUG#3e4f6cdc-9afa-11f1-818d-eeee0a9896c2.bookscapm-db-deployer#flowable-async-job-executor-thread-12035#
[PollExecuteTaskStatusExecution] eed2b67a-83f4-424b-8876-9856be729ff6 [2026-08-18T11:46:41.708019] npm notice New major version of npm available! 11.12.1 -> 12.0.2 (STDERR, APP/TASK/deploy)#
#2026 08 18 11:46:51.646#Z#DEBUG#3e4f6cdc-9afa-11f1-818d-eeee0a9896c2.bookscapm-db-deployer#flowable-async-job-executor-thread-12035#
[PollExecuteTaskStatusExecution] eed2b67a-83f4-424b-8876-9856be729ff6 [2026-08-18T11:46:41.708024] npm notice Changelog: https://github.com/npm/cli/releases/tag/v12.0.2 (STDERR, APP/TASK/deploy)#
#2026 08 18 11:46:51.646#Z#DEBUG#3e4f6cdc-9afa-11f1-818d-eeee0a9896c2.bookscapm-db-deployer#flowable-async-job-executor-thread-12035#
[PollExecuteTaskStatusExecution] eed2b67a-83f4-424b-8876-9856be729ff6 [2026-08-18T11:46:41.708027] npm notice To update run: npm install -g npm@12.0.2 (STDERR, APP/TASK/deploy)#
#2026 08 18 11:46:51.646#Z#DEBUG#3e4f6cdc-9afa-11f1-818d-eeee0a9896c2.bookscapm-db-deployer#flowable-async-job-executor-thread-12035#
[PollExecuteTaskStatusExecution] eed2b67a-83f4-424b-8876-9856be729ff6 [2026-08-18T11:46:41.708029] npm notice (STDERR, APP/TASK/deploy)#
#2026 08 18 11:46:51.646#Z#DEBUG#3e4f6cdc-9afa-11f1-818d-eeee0a9896c2.bookscapm-db-deployer#flowable-async-job-executor-thread-12035#
[PollExecuteTaskStatusExecution] eed2b67a-83f4-424b-8876-9856be729ff6 [2026-08-18T11:46:41.780762] Exit status 0 (STDOUT, APP/TASK/deploy)#
#2026 08 18 11:46:51.646#Z#DEBUG#3e4f6cdc-9afa-11f1-818d-eeee0a9896c2.bookscapm-db-deployer#flowable-async-job-executor-thread-12035#
[PollExecuteTaskStatusExecution] eed2b67a-83f4-424b-8876-9856be729ff6 [2026-08-18T11:46:42.483738] Cell 77283d80-dfa7-40ba-ba4e-265aef112085 stopping instance bb925916-d3ec-4ef0-acac-245dd1f7b257 (STDOUT, CELL)#
#2026 08 18 11:46:51.646#Z#DEBUG#3e4f6cdc-9afa-11f1-818d-eeee0a9896c2.bookscapm-db-deployer#flowable-async-job-executor-thread-12035#
[PollExecuteTaskStatusExecution] eed2b67a-83f4-424b-8876-9856be729ff6 [2026-08-18T11:46:42.483787] Cell 77283d80-dfa7-40ba-ba4e-265aef112085 destroying container for instance bb925916-d3ec-4ef0-acac-245dd1f7b257 (STDOUT, CELL)#
#2026 08 18 11:46:51.646#Z#DEBUG#3e4f6cdc-9afa-11f1-818d-eeee0a9896c2.bookscapm-db-deployer#flowable-async-job-executor-thread-12035#
[PollExecuteTaskStatusExecution] eed2b67a-83f4-424b-8876-9856be729ff6 [2026-08-18T11:46:44.677254] Cell 77283d80-dfa7-40ba-ba4e-265aef112085 successfully destroyed container for instance bb925916-d3ec-4ef0-acac-245dd1f7b257 (STDOUT, CELL)#
